******************************************************************************
                  TI ARM Linker PC v20.2.6                     
******************************************************************************
>> Linked Sun Apr  3 18:29:52 2022

OUTPUT FILE NAME:   <alarm_clock.out>
ENTRY POINT SYMBOL: "_c_int00_noargs"  address: 00000a6d


MEMORY CONFIGURATION

         name            origin    length      used     unused   attr    fill
----------------------  --------  ---------  --------  --------  ----  --------
  MAIN                  00000000   00040000  00000b4c  0003f4b4  R  X
  INFO                  00200000   00004000  00000000  00004000  R  X
  SRAM_CODE             01000000   00010000  00000338  0000fcc8  RW X
  SRAM_DATA             20000000   00010000  00000338  0000fcc8  RW  


SEGMENT ALLOCATION MAP

run origin  load origin   length   init length attrs members
----------  ----------- ---------- ----------- ----- -------
00000000    00000000    00000b50   00000b50    r-x
  00000000    00000000    000000e4   000000e4    r-- .intvecs
  000000e4    000000e4    00000a30   00000a30    r-x .text
  00000b18    00000b18    00000038   00000038    r-- .cinit
20000000    20000000    00000138   00000000    rw-
  20000000    20000000    00000128   00000000    rw- .bss
  20000128    20000128    00000010   00000000    rw- .data
2000fe00    2000fe00    00000200   00000000    rw-
  2000fe00    2000fe00    00000200   00000000    rw- .stack


SECTION ALLOCATION MAP

 output                                  attributes/
section   page    origin      length       input sections
--------  ----  ----------  ----------   ----------------
.intvecs   0    00000000    000000e4     
                  00000000    000000e4     startup_msp432p401r_ccs.obj (.intvecs:retain)

.text      0    000000e4    00000a30     
                  000000e4    00000334     system_msp432p401r.obj (.text)
                  00000418    00000224     main.obj (.text)
                  0000063c    00000178     button.obj (.text)
                  000007b4    000000bc     led.obj (.text)
                  00000870    0000009c     rtsv7M4_T_le_v4SPD16_eabi.lib : memcpy_t2.asm.obj (.text)
                  0000090c    00000068                                   : copy_decompress_lzss.c.obj (.text:decompress:lzss:__TI_decompress_lzss)
                  00000974    00000048                                   : hosttime.c.obj (.text:HOSTtime)
                  000009bc    00000044                                   : autoinit.c.obj (.text:__TI_auto_init_nobinit_nopinit:__TI_auto_init_nobinit_nopinit)
                  00000a00    00000038                                   : trgmsg.c.obj (.text:__TI_writemsg)
                  00000a38    00000034                                   : trgmsg.c.obj (.text:__TI_readmsg)
                  00000a6c    00000034                                   : boot_cortex_m.c.obj (.text:_c_int00_noargs:_c_int00_noargs)
                  00000aa0    00000024                                   : rand.c.obj (.text:srand)
                  00000ac4    0000001c                                   : copy_zero_init.c.obj (.text:decompress:ZI:__TI_zero_init_nomemset:__TI_zero_init_nomemset)
                  00000ae0    0000000e                                   : time.c.obj (.text:__time32)
                  00000aee    0000000e                                   : copy_decompress_none.c.obj (.text:decompress:none:__TI_decompress_none)
                  00000afc    0000000e     startup_msp432p401r_ccs.obj (.text)
                  00000b0a    00000004     rtsv7M4_T_le_v4SPD16_eabi.lib : pre_init.c.obj (.text:_system_pre_init)
                  00000b0e    00000004                                   : exit.c.obj (.text:abort:abort)
                  00000b12    00000002                                   : _lock.c.obj (.text:_nop)

.cinit     0    00000b18    00000038     
                  00000b18    00000013     (.cinit..data.load) [load image, compression = lzss]
                  00000b2b    00000001     --HOLE-- [fill = 0]
                  00000b2c    0000000c     (__TI_handler_table)
                  00000b38    00000008     (.cinit..bss.load) [load image, compression = zero_init]
                  00000b40    00000010     (__TI_cinit_table)

.init_array 
*          0    00000000    00000000     UNINITIALIZED

.binit     0    00000000    00000000     

.bss       0    20000000    00000128     UNINITIALIZED
                  20000000    00000120     rtsv7M4_T_le_v4SPD16_eabi.lib : trgmsg.c.obj (.bss:_CIOBUF_)
                  20000120    00000008     (.common:parmbuf)

.data      0    20000128    00000010     UNINITIALIZED
                  20000128    00000008     rtsv7M4_T_le_v4SPD16_eabi.lib : _lock.c.obj (.data:$O1$$)
                  20000130    00000004                                   : rand.c.obj (.data)
                  20000134    00000004     system_msp432p401r.obj (.data)

.stack     0    2000fe00    00000200     UNINITIALIZED
                  2000fe00    00000004     rtsv7M4_T_le_v4SPD16_eabi.lib : boot_cortex_m.c.obj (.stack)
                  2000fe04    000001fc     --HOLE--

__llvm_prf_cnts 
*          0    20000000    00000000     UNINITIALIZED

MODULE SUMMARY

       Module                        code   ro data   rw data
       ------                        ----   -------   -------
    .\
       system_msp432p401r.obj        820    0         8      
       main.obj                      548    0         0      
       button.obj                    376    0         0      
       startup_msp432p401r_ccs.obj   14     228       0      
       led.obj                       188    0         0      
    +--+-----------------------------+------+---------+---------+
       Total:                        1946   228       8      
                                                             
    D:\Programs\ti\ccs1040\ccs\tools\compiler\ti-cgt-arm_20.2.6.LTS\lib\rtsv7M4_T_le_v4SPD16_eabi.lib
       trgmsg.c.obj                  108    0         576    
       memcpy_t2.asm.obj             156    0         0      
       copy_decompress_lzss.c.obj    104    0         0      
       hosttime.c.obj                72     0         0      
       autoinit.c.obj                68     0         0      
       boot_cortex_m.c.obj           52     0         0      
       rand.c.obj                    36     0         8      
       copy_zero_init.c.obj          28     0         0      
       _lock.c.obj                   2      0         16     
       hostopen.c.obj                0      0         16     
       copy_decompress_none.c.obj    14     0         0      
       time.c.obj                    14     0         0      
       exit.c.obj                    4      0         0      
       pre_init.c.obj                4      0         0      
    +--+-----------------------------+------+---------+---------+
       Total:                        662    0         616    
                                                             
       Stack:                        0      0         1024   
       Linker Generated:             0      55        0      
    +--+-----------------------------+------+---------+---------+
       Grand Total:                  2608   283       1648   


LINKER GENERATED COPY TABLES

__TI_cinit_table @ 00000b40 records: 2, size/record: 8, table size: 16
	.data: load addr=00000b18, load size=00000013 bytes, run addr=20000128, run size=00000010 bytes, compression=lzss
	.bss: load addr=00000b38, load size=00000008 bytes, run addr=20000000, run size=00000128 bytes, compression=zero_init


LINKER GENERATED HANDLER TABLE

__TI_handler_table @ 00000b2c records: 3, size/record: 4, table size: 12
	index: 0, handler: __TI_decompress_lzss
	index: 1, handler: __TI_decompress_none
	index: 2, handler: __TI_zero_init


GLOBAL SYMBOLS: SORTED ALPHABETICALLY BY Name 

address   name                          
-------   ----                          
00000b09  ADC14_IRQHandler              
00000b09  AES256_IRQHandler             
00000b09  BusFault_Handler              
00000b0f  C$$EXIT                       
00000a2f  C$$IO$$                       
00000b09  COMP_E0_IRQHandler            
00000b09  COMP_E1_IRQHandler            
00000b09  CS_IRQHandler                 
00000b09  DMA_ERR_IRQHandler            
00000b09  DMA_INT0_IRQHandler           
00000b09  DMA_INT1_IRQHandler           
00000b09  DMA_INT2_IRQHandler           
00000b09  DMA_INT3_IRQHandler           
00000b09  DebugMon_Handler              
00000b09  Default_Handler               
00000b09  EUSCIA0_IRQHandler            
00000b09  EUSCIA1_IRQHandler            
00000b09  EUSCIA2_IRQHandler            
00000b09  EUSCIA3_IRQHandler            
00000b09  EUSCIB0_IRQHandler            
00000b09  EUSCIB1_IRQHandler            
00000b09  EUSCIB2_IRQHandler            
00000b09  EUSCIB3_IRQHandler            
00000b09  FLCTL_IRQHandler              
00000b09  FPU_IRQHandler                
00000975  HOSTtime                      
00000b09  HardFault_Handler             
00000b09  MemManage_Handler             
00000b09  NMI_Handler                   
00000b09  PCM_IRQHandler                
00000b09  PORT1_IRQHandler              
00000b09  PORT2_IRQHandler              
00000b09  PORT3_IRQHandler              
00000b09  PORT4_IRQHandler              
00000b09  PORT5_IRQHandler              
00000b09  PORT6_IRQHandler              
00000b09  PSS_IRQHandler                
00000b09  PendSV_Handler                
00000b09  RTC_C_IRQHandler              
00000afd  Reset_Handler                 
00000b09  SVC_Handler                   
00000b09  SysTick_Handler               
20000134  SystemCoreClock               
000000e5  SystemCoreClockUpdate         
0000035d  SystemInit                    
00000b09  T32_INT1_IRQHandler           
00000b09  T32_INT2_IRQHandler           
00000b09  T32_INTC_IRQHandler           
00000b09  TA0_0_IRQHandler              
00000b09  TA0_N_IRQHandler              
00000b09  TA1_0_IRQHandler              
00000b09  TA1_N_IRQHandler              
00000b09  TA2_0_IRQHandler              
00000b09  TA2_N_IRQHandler              
00000b09  TA3_0_IRQHandler              
00000b09  TA3_N_IRQHandler              
00000b09  UsageFault_Handler            
4000480c  WDTCTL_SYM                    
00000b09  WDT_A_IRQHandler              
20000000  __CIOBUF_                     
20010000  __STACK_END                   
00000200  __STACK_SIZE                  
00000b40  __TI_CINIT_Base               
00000b50  __TI_CINIT_Limit              
00000b2c  __TI_Handler_Table_Base       
00000b38  __TI_Handler_Table_Limit      
000009bd  __TI_auto_init_nobinit_nopinit
0000090d  __TI_decompress_lzss          
00000aef  __TI_decompress_none          
ffffffff  __TI_pprof_out_hndl           
ffffffff  __TI_prof_data_size           
ffffffff  __TI_prof_data_start          
00000a39  __TI_readmsg                  
00000000  __TI_static_base__            
00000a01  __TI_writemsg                 
00000ac5  __TI_zero_init_nomemset       
00000871  __aeabi_memcpy                
00000871  __aeabi_memcpy4               
00000871  __aeabi_memcpy8               
ffffffff  __binit__                     
ffffffff  __c_args__                    
UNDEFED   __mpu_init                    
2000fe00  __stack                       
20000000  __start___llvm_prf_cnts       
20000000  __stop___llvm_prf_cnts        
00000ae1  __time32                      
00000a6d  _c_int00_noargs               
20000128  _lock                         
00000b13  _nop                          
UNDEFED   _system_post_cinit            
00000b0b  _system_pre_init              
2000012c  _unlock                       
00000b0f  abort                         
ffffffff  binit                         
00000737  init_button_interrupts        
000006ef  init_button_one               
000006a7  init_button_zero              
00000539  init_timer_32                 
000004d5  init_timer_a0                 
00000509  init_timer_a1                 
00000000  interruptVectors              
00000595  keypad_init                   
00000557  lcd_init                      
000007b5  led_init                      
00000833  led_off                       
00000807  led_on                        
00000483  main                          
00000871  memcpy                        
20000120  parmbuf                       
00000769  read_button_one               
00000749  read_button_zero              
00000aa1  srand                         
00000495  system_init                   
00000ae1  time                          


GLOBAL SYMBOLS: SORTED BY Symbol Address 

address   name                          
-------   ----                          
00000000  __TI_static_base__            
00000000  interruptVectors              
000000e5  SystemCoreClockUpdate         
00000200  __STACK_SIZE                  
0000035d  SystemInit                    
00000483  main                          
00000495  system_init                   
000004d5  init_timer_a0                 
00000509  init_timer_a1                 
00000539  init_timer_32                 
00000557  lcd_init                      
00000595  keypad_init                   
000006a7  init_button_zero              
000006ef  init_button_one               
00000737  init_button_interrupts        
00000749  read_button_zero              
00000769  read_button_one               
000007b5  led_init                      
00000807  led_on                        
00000833  led_off                       
00000871  __aeabi_memcpy                
00000871  __aeabi_memcpy4               
00000871  __aeabi_memcpy8               
00000871  memcpy                        
0000090d  __TI_decompress_lzss          
00000975  HOSTtime                      
000009bd  __TI_auto_init_nobinit_nopinit
00000a01  __TI_writemsg                 
00000a2f  C$$IO$$                       
00000a39  __TI_readmsg                  
00000a6d  _c_int00_noargs               
00000aa1  srand                         
00000ac5  __TI_zero_init_nomemset       
00000ae1  __time32                      
00000ae1  time                          
00000aef  __TI_decompress_none          
00000afd  Reset_Handler                 
00000b09  ADC14_IRQHandler              
00000b09  AES256_IRQHandler             
00000b09  BusFault_Handler              
00000b09  COMP_E0_IRQHandler            
00000b09  COMP_E1_IRQHandler            
00000b09  CS_IRQHandler                 
00000b09  DMA_ERR_IRQHandler            
00000b09  DMA_INT0_IRQHandler           
00000b09  DMA_INT1_IRQHandler           
00000b09  DMA_INT2_IRQHandler           
00000b09  DMA_INT3_IRQHandler           
00000b09  DebugMon_Handler              
00000b09  Default_Handler               
00000b09  EUSCIA0_IRQHandler            
00000b09  EUSCIA1_IRQHandler            
00000b09  EUSCIA2_IRQHandler            
00000b09  EUSCIA3_IRQHandler            
00000b09  EUSCIB0_IRQHandler            
00000b09  EUSCIB1_IRQHandler            
00000b09  EUSCIB2_IRQHandler            
00000b09  EUSCIB3_IRQHandler            
00000b09  FLCTL_IRQHandler              
00000b09  FPU_IRQHandler                
00000b09  HardFault_Handler             
00000b09  MemManage_Handler             
00000b09  NMI_Handler                   
00000b09  PCM_IRQHandler                
00000b09  PORT1_IRQHandler              
00000b09  PORT2_IRQHandler              
00000b09  PORT3_IRQHandler              
00000b09  PORT4_IRQHandler              
00000b09  PORT5_IRQHandler              
00000b09  PORT6_IRQHandler              
00000b09  PSS_IRQHandler                
00000b09  PendSV_Handler                
00000b09  RTC_C_IRQHandler              
00000b09  SVC_Handler                   
00000b09  SysTick_Handler               
00000b09  T32_INT1_IRQHandler           
00000b09  T32_INT2_IRQHandler           
00000b09  T32_INTC_IRQHandler           
00000b09  TA0_0_IRQHandler              
00000b09  TA0_N_IRQHandler              
00000b09  TA1_0_IRQHandler              
00000b09  TA1_N_IRQHandler              
00000b09  TA2_0_IRQHandler              
00000b09  TA2_N_IRQHandler              
00000b09  TA3_0_IRQHandler              
00000b09  TA3_N_IRQHandler              
00000b09  UsageFault_Handler            
00000b09  WDT_A_IRQHandler              
00000b0b  _system_pre_init              
00000b0f  C$$EXIT                       
00000b0f  abort                         
00000b13  _nop                          
00000b2c  __TI_Handler_Table_Base       
00000b38  __TI_Handler_Table_Limit      
00000b40  __TI_CINIT_Base               
00000b50  __TI_CINIT_Limit              
20000000  __CIOBUF_                     
20000000  __start___llvm_prf_cnts       
20000000  __stop___llvm_prf_cnts        
20000120  parmbuf                       
20000128  _lock                         
2000012c  _unlock                       
20000134  SystemCoreClock               
2000fe00  __stack                       
20010000  __STACK_END                   
4000480c  WDTCTL_SYM                    
ffffffff  __TI_pprof_out_hndl           
ffffffff  __TI_prof_data_size           
ffffffff  __TI_prof_data_start          
ffffffff  __binit__                     
ffffffff  __c_args__                    
ffffffff  binit                         
UNDEFED   __mpu_init                    
UNDEFED   _system_post_cinit            

[114 symbols]
