******************************************************************************
                  TI ARM Linker PC v20.2.6                     
******************************************************************************
>> Linked Sat Apr  9 19:13:51 2022

OUTPUT FILE NAME:   <alarm_clock_v3.out>
ENTRY POINT SYMBOL: "_c_int00_noargs"  address: 00002d9d


MEMORY CONFIGURATION

         name            origin    length      used     unused   attr    fill
----------------------  --------  ---------  --------  --------  ----  --------
  MAIN                  00000000   00040000  0000301e  0003cfe2  R  X
  INFO                  00200000   00004000  00000000  00004000  R  X
  SRAM_CODE             01000000   00010000  00000269  0000fd97  RW X
  SRAM_DATA             20000000   00010000  00000269  0000fd97  RW  


SEGMENT ALLOCATION MAP

run origin  load origin   length   init length attrs members
----------  ----------- ---------- ----------- ----- -------
00000000    00000000    00003020   00003020    r-x
  00000000    00000000    000000e4   000000e4    r-- .intvecs
  000000e4    000000e4    00002df8   00002df8    r-x .text
  00002edc    00002edc    0000010a   0000010a    r-- .const
  00002fe8    00002fe8    00000038   00000038    r-- .cinit
20000000    20000000    0000006c   00000000    rw-
  20000000    20000000    0000004d   00000000    rw- .bss
  20000050    20000050    0000001c   00000000    rw- .data
2000fe00    2000fe00    00000200   00000000    rw-
  2000fe00    2000fe00    00000200   00000000    rw- .stack


SECTION ALLOCATION MAP

 output                                  attributes/
section   page    origin      length       input sections
--------  ----  ----------  ----------   ----------------
.intvecs   0    00000000    000000e4     
                  00000000    000000e4     startup_msp432p401r_ccs.obj (.intvecs:retain)

.text      0    000000e4    00002df8     
                  000000e4    00000a4e     rtsv7M4_T_le_v4SPD16_eabi.lib : _printfi.c.obj (.text:__TI_printfi)
                  00000b32    00000002                                   : div0.asm.obj (.text)
                  00000b34    00000564     hd44780.obj (.text)
                  00001098    00000334     system_msp432p401r.obj (.text)
                  000013cc    00000270     rtsv7M4_T_le_v4SPD16_eabi.lib : _printfi.c.obj (.text:_pconv_a)
                  0000163c    000001d0                                   : _printfi.c.obj (.text:_pconv_g)
                  0000180c    000001b6                                   : fd_add_t2.asm.obj (.text)
                  000019c2    00000002     --HOLE-- [fill = 0]
                  000019c4    000001ac     keypad.obj (.text)
                  00001b70    000001a8     main.obj (.text)
                  00001d18    00000178     buttons.obj (.text)
                  00001e90    0000015c     timers.obj (.text)
                  00001fec    0000013c     rtsv7M4_T_le_v4SPD16_eabi.lib : _printfi.c.obj (.text:_pconv_e)
                  00002128    00000136                                   : fd_div_t2.asm.obj (.text)
                  0000225e    00000002     --HOLE-- [fill = 0]
                  00002260    00000124                                   : _printfi.c.obj (.text:fcvt)
                  00002384    00000110                                   : s_scalbn.c.obj (.text:scalbn)
                  00002494    000000fc                                   : fd_mul_t2.asm.obj (.text)
                  00002590    000000bc     led.obj (.text)
                  0000264c    000000b1     rtsv7M4_T_le_v4SPD16_eabi.lib : _printfi.c.obj (.text:_ltostr)
                  000026fd    00000001     --HOLE-- [fill = 0]
                  000026fe    0000009c                                   : memcpy_t2.asm.obj (.text)
                  0000279a    00000096                                   : ull_div_t2.asm.obj (.text)
                  00002830    00000086                                   : fd_cmp_t2.asm.obj (.text:__aeabi_cdcmple)
                  000028b6    00000086                                   : fd_cmp_t2.asm.obj (.text:__aeabi_cdrcmple)
                  0000293c    0000007a                                   : memset_t2.asm.obj (.text)
                  000029b6    0000006e                                   : _printfi.c.obj (.text:_mcpy)
                  00002a24    00000068                                   : copy_decompress_lzss.c.obj (.text:decompress:lzss:__TI_decompress_lzss)
                  00002a8c    00000064                                   : s_frexp.c.obj (.text:frexp)
                  00002af0    00000058     lcd.obj (.text)
                  00002b48    00000056     rtsv7M4_T_le_v4SPD16_eabi.lib : _printfi.c.obj (.text:_pconv_f)
                  00002b9e    00000054                                   : _ltoa.c.obj (.text:__TI_ltoa)
                  00002bf2    00000052                                   : _printfi.c.obj (.text:_ecpy)
                  00002c44    0000004c                                   : atoi.c.obj (.text:atoi)
                  00002c90    00000048                                   : fd_toi_t2.asm.obj (.text)
                  00002cd8    00000044                                   : autoinit.c.obj (.text:__TI_auto_init_nobinit_nopinit:__TI_auto_init_nobinit_nopinit)
                  00002d1c    00000040                                   : sprintf.c.obj (.text:sprintf)
                  00002d5c    0000003e                                   : _printfi.c.obj (.text:_fcpy)
                  00002d9a    00000002     --HOLE-- [fill = 0]
                  00002d9c    00000034                                   : boot_cortex_m.c.obj (.text:_c_int00_noargs:_c_int00_noargs)
                  00002dd0    0000002e                                   : i_tofd_t2.asm.obj (.text)
                  00002dfe    0000001c                                   : copy_zero_init.c.obj (.text:decompress:ZI:__TI_zero_init_nomemset:__TI_zero_init_nomemset)
                  00002e1a    0000001c                                   : memccpy.c.obj (.text:memccpy)
                  00002e36    0000001a                                   : s_copysign.c.obj (.text:copysign)
                  00002e50    00000018                                   : sprintf.c.obj (.text:_outs)
                  00002e68    00000016                                   : strchr.c.obj (.text:strchr)
                  00002e7e    00000014                                   : strlen.c.obj (.text:strlen)
                  00002e92    00000012                                   : wcslen.c.obj (.text:wcslen)
                  00002ea4    0000000e                                   : copy_decompress_none.c.obj (.text:decompress:none:__TI_decompress_none)
                  00002eb2    0000000e     startup_msp432p401r_ccs.obj (.text)
                  00002ec0    0000000a     rtsv7M4_T_le_v4SPD16_eabi.lib : sprintf.c.obj (.text:_outc)
                  00002eca    00000002     --HOLE-- [fill = 0]
                  00002ecc    00000008                                   : errno.c.obj (.text:__aeabi_errno_addr)
                  00002ed4    00000004                                   : pre_init.c.obj (.text:_system_pre_init)
                  00002ed8    00000004                                   : exit.c.obj (.text:abort:abort)

.const     0    00002edc    0000010a     
                  00002edc    00000101     rtsv7M4_T_le_v4SPD16_eabi.lib : ctype.c.obj (.const:.string:_ctypes_)
                  00002fdd    00000006     hd44780.obj (.const:.string:$P$T0$5)
                  00002fe3    00000003     hd44780.obj (.const:.string:u8__row_start_address$4)

.cinit     0    00002fe8    00000038     
                  00002fe8    0000000f     (.cinit..data.load) [load image, compression = lzss]
                  00002ff7    00000001     --HOLE-- [fill = 0]
                  00002ff8    0000000c     (__TI_handler_table)
                  00003004    00000004     --HOLE-- [fill = 0]
                  00003008    00000008     (.cinit..bss.load) [load image, compression = zero_init]
                  00003010    00000010     (__TI_cinit_table)

.init_array 
*          0    00000000    00000000     UNINITIALIZED

.binit     0    00000000    00000000     

.bss       0    20000000    0000004d     UNINITIALIZED
                  20000000    00000040     hd44780.obj (.bss:u8__hd44780_data_buffer)
                  20000040    0000000c     (.common:string_time)
                  2000004c    00000001     hd44780.obj (.bss)

.data      0    20000050    0000001c     UNINITIALIZED
                  20000050    00000010     main.obj (.data)
                  20000060    00000004     hd44780.obj (.data)
                  20000064    00000004     rtsv7M4_T_le_v4SPD16_eabi.lib : errno.c.obj (.data)
                  20000068    00000004     system_msp432p401r.obj (.data)

.stack     0    2000fe00    00000200     UNINITIALIZED
                  2000fe00    00000004     rtsv7M4_T_le_v4SPD16_eabi.lib : boot_cortex_m.c.obj (.stack)
                  2000fe04    000001fc     --HOLE--

__llvm_prf_cnts 
*          0    20000000    00000000     UNINITIALIZED

MODULE SUMMARY

       Module                        code    ro data   rw data
       ------                        ----    -------   -------
    .\
       system_msp432p401r.obj        820     0         8      
       main.obj                      424     0         56     
       startup_msp432p401r_ccs.obj   14      228       0      
    +--+-----------------------------+-------+---------+---------+
       Total:                        1258    228       64     
                                                              
    .\hd44780\
       hd44780.obj                   1380    9         138    
    +--+-----------------------------+-------+---------+---------+
       Total:                        1380    9         138    
                                                              
    .\libraries\
       keypad.obj                    428     0         0      
       buttons.obj                   376     0         0      
       timers.obj                    348     0         0      
       led.obj                       188     0         0      
       lcd.obj                       88      0         0      
    +--+-----------------------------+-------+---------+---------+
       Total:                        1428    0         0      
                                                              
    D:\Programs\ti\ccs1040\ccs\tools\compiler\ti-cgt-arm_20.2.6.LTS\lib\rtsv7M4_T_le_v4SPD16_eabi.lib
       _printfi.c.obj                4851    0         0      
       fd_add_t2.asm.obj             438     0         0      
       fd_div_t2.asm.obj             310     0         0      
       s_scalbn.c.obj                272     0         0      
       fd_cmp_t2.asm.obj             268     0         0      
       ctype.c.obj                   0       257       0      
       fd_mul_t2.asm.obj             252     0         0      
       memcpy_t2.asm.obj             156     0         0      
       ull_div_t2.asm.obj            150     0         0      
       memset_t2.asm.obj             122     0         0      
       copy_decompress_lzss.c.obj    104     0         0      
       s_frexp.c.obj                 100     0         0      
       sprintf.c.obj                 98      0         0      
       _ltoa.c.obj                   84      0         0      
       atoi.c.obj                    76      0         0      
       fd_toi_t2.asm.obj             72      0         0      
       autoinit.c.obj                68      0         0      
       boot_cortex_m.c.obj           52      0         0      
       i_tofd_t2.asm.obj             46      0         0      
       copy_zero_init.c.obj          28      0         0      
       memccpy.c.obj                 28      0         0      
       s_copysign.c.obj              26      0         0      
       strchr.c.obj                  22      0         0      
       strlen.c.obj                  20      0         0      
       wcslen.c.obj                  18      0         0      
       errno.c.obj                   8       0         8      
       copy_decompress_none.c.obj    14      0         0      
       exit.c.obj                    4       0         0      
       pre_init.c.obj                4       0         0      
       div0.asm.obj                  2       0         0      
    +--+-----------------------------+-------+---------+---------+
       Total:                        7693    257       8      
                                                              
       Stack:                        0       0         1024   
       Linker Generated:             0       51        0      
    +--+-----------------------------+-------+---------+---------+
       Grand Total:                  11759   545       1234   


LINKER GENERATED COPY TABLES

__TI_cinit_table @ 00003010 records: 2, size/record: 8, table size: 16
	.data: load addr=00002fe8, load size=0000000f bytes, run addr=20000050, run size=0000001c bytes, compression=lzss
	.bss: load addr=00003008, load size=00000008 bytes, run addr=20000000, run size=0000004d bytes, compression=zero_init


LINKER GENERATED HANDLER TABLE

__TI_handler_table @ 00002ff8 records: 3, size/record: 4, table size: 12
	index: 0, handler: __TI_decompress_lzss
	index: 1, handler: __TI_decompress_none
	index: 2, handler: __TI_zero_init


GLOBAL SYMBOLS: SORTED ALPHABETICALLY BY Name 

address   name                                    
-------   ----                                    
00002ebf  ADC14_IRQHandler                        
00002ebf  AES256_IRQHandler                       
00002ebf  BusFault_Handler                        
00002ed9  C$$EXIT                                 
00002ebf  COMP_E0_IRQHandler                      
00002ebf  COMP_E1_IRQHandler                      
00002ebf  CS_IRQHandler                           
00002ebf  DMA_ERR_IRQHandler                      
00002ebf  DMA_INT0_IRQHandler                     
00002ebf  DMA_INT1_IRQHandler                     
00002ebf  DMA_INT2_IRQHandler                     
00002ebf  DMA_INT3_IRQHandler                     
00002ebf  DebugMon_Handler                        
00002ebf  Default_Handler                         
00002ebf  EUSCIA0_IRQHandler                      
00002ebf  EUSCIA1_IRQHandler                      
00002ebf  EUSCIA2_IRQHandler                      
00002ebf  EUSCIA3_IRQHandler                      
00002ebf  EUSCIB0_IRQHandler                      
00002ebf  EUSCIB1_IRQHandler                      
00002ebf  EUSCIB2_IRQHandler                      
00002ebf  EUSCIB3_IRQHandler                      
00002ebf  FLCTL_IRQHandler                        
00002ebf  FPU_IRQHandler                          
00002ebf  HardFault_Handler                       
00002ebf  MemManage_Handler                       
00002ebf  NMI_Handler                             
00002ebf  PCM_IRQHandler                          
00002ebf  PORT1_IRQHandler                        
00002ebf  PORT2_IRQHandler                        
00002ebf  PORT3_IRQHandler                        
00002ebf  PORT4_IRQHandler                        
00001c99  PORT5_IRQHandler                        
00001c99  PORT5_IRQHandler                        
00002ebf  PORT6_IRQHandler                        
00002ebf  PSS_IRQHandler                          
00002ebf  PendSV_Handler                          
00002ebf  RTC_C_IRQHandler                        
00002eb3  Reset_Handler                           
00002ebf  SVC_Handler                             
00002ebf  SysTick_Handler                         
00001f1b  SysTick_delay_ms                        
20000068  SystemCoreClock                         
00001099  SystemCoreClockUpdate                   
00001311  SystemInit                              
00002ebf  T32_INT1_IRQHandler                     
00002ebf  T32_INT2_IRQHandler                     
00002ebf  T32_INTC_IRQHandler                     
00002ebf  TA0_0_IRQHandler                        
00002ebf  TA0_N_IRQHandler                        
00002ebf  TA1_0_IRQHandler                        
00002ebf  TA1_N_IRQHandler                        
00002ebf  TA2_0_IRQHandler                        
00002ebf  TA2_N_IRQHandler                        
00002ebf  TA3_0_IRQHandler                        
00002ebf  TA3_N_IRQHandler                        
00002ebf  UsageFault_Handler                      
4000480c  WDTCTL_SYM                              
00002ebf  WDT_A_IRQHandler                        
20010000  __STACK_END                             
00000200  __STACK_SIZE                            
00003010  __TI_CINIT_Base                         
00003020  __TI_CINIT_Limit                        
00002ff8  __TI_Handler_Table_Base                 
00003004  __TI_Handler_Table_Limit                
00002cd9  __TI_auto_init_nobinit_nopinit          
00002a25  __TI_decompress_lzss                    
00002ea5  __TI_decompress_none                    
00002b9f  __TI_ltoa                               
ffffffff  __TI_pprof_out_hndl                     
000000e5  __TI_printfi                            
ffffffff  __TI_prof_data_size                     
ffffffff  __TI_prof_data_start                    
00000000  __TI_static_base__                      
00002dff  __TI_zero_init_nomemset                 
00002831  __aeabi_cdcmpeq                         
00002831  __aeabi_cdcmple                         
000028b7  __aeabi_cdrcmple                        
00002c91  __aeabi_d2iz                            
00001817  __aeabi_dadd                            
00002129  __aeabi_ddiv                            
00002495  __aeabi_dmul                            
0000180d  __aeabi_dsub                            
00002ecd  __aeabi_errno_addr                      
00002dd1  __aeabi_i2d                             
00000b33  __aeabi_idiv0                           
00000b33  __aeabi_ldiv0                           
0000293d  __aeabi_memclr                          
0000293d  __aeabi_memclr4                         
0000293d  __aeabi_memclr8                         
000026ff  __aeabi_memcpy                          
000026ff  __aeabi_memcpy4                         
000026ff  __aeabi_memcpy8                         
0000293f  __aeabi_memset                          
0000293f  __aeabi_memset4                         
0000293f  __aeabi_memset8                         
0000279b  __aeabi_uldivmod                        
ffffffff  __binit__                               
ffffffff  __c_args__                              
UNDEFED   __mpu_init                              
2000fe00  __stack                                 
20000000  __start___llvm_prf_cnts                 
20000000  __stop___llvm_prf_cnts                  
00002d9d  _c_int00_noargs                         
00002edc  _ctypes_                                
UNDEFED   _system_post_cinit                      
00002ed5  _system_pre_init                        
00002ed9  abort                                   
00002c45  atoi                                    
ffffffff  binit                                   
00002e37  copysign                                
00002e37  copysignl                               
20000050  current_state                           
20000064  errno                                   
00002a8d  frexp                                   
00002a8d  frexpl                                  
00000e25  hd44780_blank_out_remaining_row         
00000d5f  hd44780_clear_row                       
00000db3  hd44780_clear_screen                    
00000de5  hd44780_michaels_awesome_clear_screen   
00000ea1  hd44780_output_adc_value_mv             
00000f51  hd44780_output_unsigned_16bit_value     
00000b35  hd44780_timer_isr                       
00000e8d  hd44780_write_shared_shift_register_bits
00000cb1  hd44780_write_string                    
2000005c  hours                                   
00001efb  init_SysTick_NoInterrupts               
00001f83  init_TimerA0                            
00001f53  init_TimerA1                            
00001d83  init_button0                            
00001dcb  init_button1                            
00001e53  init_button_interrupts                  
000019c5  init_keypad                             
00002af1  init_lcd                                
00002591  init_led                                
00001c33  init_system                             
00000000  interruptVectors                        
00001c7d  interrupt_TA0                           
00001c6b  interrupt_TA1                           
00002385  ldexp                                   
00002385  ldexpl                                  
0000260f  led_off                                 
000025e3  led_on                                  
00001b71  main                                    
00002e1b  memccpy                                 
000026ff  memcpy                                  
00002945  memset                                  
20000058  minutes                                 
00001e13  read_button0                            
00001e33  read_button1                            
00001a39  read_keypad                             
00002385  scalbn                                  
00002385  scalbnl                                 
20000054  seconds                                 
00002d1d  sprintf                                 
00002e69  strchr                                  
20000040  string_time                             
00002e7f  strlen                                  
00002e93  wcslen                                  


GLOBAL SYMBOLS: SORTED BY Symbol Address 

address   name                                    
-------   ----                                    
00000000  __TI_static_base__                      
00000000  interruptVectors                        
000000e5  __TI_printfi                            
00000200  __STACK_SIZE                            
00000b33  __aeabi_idiv0                           
00000b33  __aeabi_ldiv0                           
00000b35  hd44780_timer_isr                       
00000cb1  hd44780_write_string                    
00000d5f  hd44780_clear_row                       
00000db3  hd44780_clear_screen                    
00000de5  hd44780_michaels_awesome_clear_screen   
00000e25  hd44780_blank_out_remaining_row         
00000e8d  hd44780_write_shared_shift_register_bits
00000ea1  hd44780_output_adc_value_mv             
00000f51  hd44780_output_unsigned_16bit_value     
00001099  SystemCoreClockUpdate                   
00001311  SystemInit                              
0000180d  __aeabi_dsub                            
00001817  __aeabi_dadd                            
000019c5  init_keypad                             
00001a39  read_keypad                             
00001b71  main                                    
00001c33  init_system                             
00001c6b  interrupt_TA1                           
00001c7d  interrupt_TA0                           
00001c99  PORT5_IRQHandler                        
00001c99  PORT5_IRQHandler                        
00001d83  init_button0                            
00001dcb  init_button1                            
00001e13  read_button0                            
00001e33  read_button1                            
00001e53  init_button_interrupts                  
00001efb  init_SysTick_NoInterrupts               
00001f1b  SysTick_delay_ms                        
00001f53  init_TimerA1                            
00001f83  init_TimerA0                            
00002129  __aeabi_ddiv                            
00002385  ldexp                                   
00002385  ldexpl                                  
00002385  scalbn                                  
00002385  scalbnl                                 
00002495  __aeabi_dmul                            
00002591  init_led                                
000025e3  led_on                                  
0000260f  led_off                                 
000026ff  __aeabi_memcpy                          
000026ff  __aeabi_memcpy4                         
000026ff  __aeabi_memcpy8                         
000026ff  memcpy                                  
0000279b  __aeabi_uldivmod                        
00002831  __aeabi_cdcmpeq                         
00002831  __aeabi_cdcmple                         
000028b7  __aeabi_cdrcmple                        
0000293d  __aeabi_memclr                          
0000293d  __aeabi_memclr4                         
0000293d  __aeabi_memclr8                         
0000293f  __aeabi_memset                          
0000293f  __aeabi_memset4                         
0000293f  __aeabi_memset8                         
00002945  memset                                  
00002a25  __TI_decompress_lzss                    
00002a8d  frexp                                   
00002a8d  frexpl                                  
00002af1  init_lcd                                
00002b9f  __TI_ltoa                               
00002c45  atoi                                    
00002c91  __aeabi_d2iz                            
00002cd9  __TI_auto_init_nobinit_nopinit          
00002d1d  sprintf                                 
00002d9d  _c_int00_noargs                         
00002dd1  __aeabi_i2d                             
00002dff  __TI_zero_init_nomemset                 
00002e1b  memccpy                                 
00002e37  copysign                                
00002e37  copysignl                               
00002e69  strchr                                  
00002e7f  strlen                                  
00002e93  wcslen                                  
00002ea5  __TI_decompress_none                    
00002eb3  Reset_Handler                           
00002ebf  ADC14_IRQHandler                        
00002ebf  AES256_IRQHandler                       
00002ebf  BusFault_Handler                        
00002ebf  COMP_E0_IRQHandler                      
00002ebf  COMP_E1_IRQHandler                      
00002ebf  CS_IRQHandler                           
00002ebf  DMA_ERR_IRQHandler                      
00002ebf  DMA_INT0_IRQHandler                     
00002ebf  DMA_INT1_IRQHandler                     
00002ebf  DMA_INT2_IRQHandler                     
00002ebf  DMA_INT3_IRQHandler                     
00002ebf  DebugMon_Handler                        
00002ebf  Default_Handler                         
00002ebf  EUSCIA0_IRQHandler                      
00002ebf  EUSCIA1_IRQHandler                      
00002ebf  EUSCIA2_IRQHandler                      
00002ebf  EUSCIA3_IRQHandler                      
00002ebf  EUSCIB0_IRQHandler                      
00002ebf  EUSCIB1_IRQHandler                      
00002ebf  EUSCIB2_IRQHandler                      
00002ebf  EUSCIB3_IRQHandler                      
00002ebf  FLCTL_IRQHandler                        
00002ebf  FPU_IRQHandler                          
00002ebf  HardFault_Handler                       
00002ebf  MemManage_Handler                       
00002ebf  NMI_Handler                             
00002ebf  PCM_IRQHandler                          
00002ebf  PORT1_IRQHandler                        
00002ebf  PORT2_IRQHandler                        
00002ebf  PORT3_IRQHandler                        
00002ebf  PORT4_IRQHandler                        
00002ebf  PORT6_IRQHandler                        
00002ebf  PSS_IRQHandler                          
00002ebf  PendSV_Handler                          
00002ebf  RTC_C_IRQHandler                        
00002ebf  SVC_Handler                             
00002ebf  SysTick_Handler                         
00002ebf  T32_INT1_IRQHandler                     
00002ebf  T32_INT2_IRQHandler                     
00002ebf  T32_INTC_IRQHandler                     
00002ebf  TA0_0_IRQHandler                        
00002ebf  TA0_N_IRQHandler                        
00002ebf  TA1_0_IRQHandler                        
00002ebf  TA1_N_IRQHandler                        
00002ebf  TA2_0_IRQHandler                        
00002ebf  TA2_N_IRQHandler                        
00002ebf  TA3_0_IRQHandler                        
00002ebf  TA3_N_IRQHandler                        
00002ebf  UsageFault_Handler                      
00002ebf  WDT_A_IRQHandler                        
00002ecd  __aeabi_errno_addr                      
00002ed5  _system_pre_init                        
00002ed9  C$$EXIT                                 
00002ed9  abort                                   
00002edc  _ctypes_                                
00002ff8  __TI_Handler_Table_Base                 
00003004  __TI_Handler_Table_Limit                
00003010  __TI_CINIT_Base                         
00003020  __TI_CINIT_Limit                        
20000000  __start___llvm_prf_cnts                 
20000000  __stop___llvm_prf_cnts                  
20000040  string_time                             
20000050  current_state                           
20000054  seconds                                 
20000058  minutes                                 
2000005c  hours                                   
20000064  errno                                   
20000068  SystemCoreClock                         
2000fe00  __stack                                 
20010000  __STACK_END                             
4000480c  WDTCTL_SYM                              
ffffffff  __TI_pprof_out_hndl                     
ffffffff  __TI_prof_data_size                     
ffffffff  __TI_prof_data_start                    
ffffffff  __binit__                               
ffffffff  __c_args__                              
ffffffff  binit                                   
UNDEFED   __mpu_init                              
UNDEFED   _system_post_cinit                      

[159 symbols]
