******************************************************************************
                  TI ARM Linker PC v20.2.6                     
******************************************************************************
>> Linked Thu Apr 21 19:32:33 2022

OUTPUT FILE NAME:   <alarm_clock_v4.out>
ENTRY POINT SYMBOL: "_c_int00_noargs"  address: 00003d81


MEMORY CONFIGURATION

         name            origin    length      used     unused   attr    fill
----------------------  --------  ---------  --------  --------  ----  --------
  MAIN                  00000000   00040000  00004002  0003bffe  R  X
  INFO                  00200000   00004000  00000000  00004000  R  X
  SRAM_CODE             01000000   00010000  000002ac  0000fd54  RW X
  SRAM_DATA             20000000   00010000  000002ac  0000fd54  RW  


SEGMENT ALLOCATION MAP

run origin  load origin   length   init length attrs members
----------  ----------- ---------- ----------- ----- -------
00000000    00000000    00004008   00004008    r-x
  00000000    00000000    000000e4   000000e4    r-- .intvecs
  000000e4    000000e4    00003ddc   00003ddc    r-x .text
  00003ec0    00003ec0    0000010a   0000010a    r-- .const
  00003fd0    00003fd0    00000038   00000038    r-- .cinit
20000000    20000000    000000ac   00000000    rw-
  20000000    20000000    000000a0   00000000    rw- .bss
  200000a0    200000a0    0000000c   00000000    rw- .data
2000fe00    2000fe00    00000200   00000000    rw-
  2000fe00    2000fe00    00000200   00000000    rw- .stack


SECTION ALLOCATION MAP

 output                                  attributes/
section   page    origin      length       input sections
--------  ----  ----------  ----------   ----------------
.intvecs   0    00000000    000000e4     
                  00000000    000000e4     startup_msp432p401r_ccs.obj (.intvecs:retain)

.text      0    000000e4    00003ddc     
                  000000e4    00000eb4     states.obj (.text)
                  00000f98    00000a4e     rtsv7M4_T_le_v4SPD16_eabi.lib : _printfi.c.obj (.text:__TI_printfi)
                  000019e6    00000002                                   : div0.asm.obj (.text)
                  000019e8    00000564     hd44780.obj (.text)
                  00001f4c    00000334     system_msp432p401r.obj (.text)
                  00002280    00000270     rtsv7M4_T_le_v4SPD16_eabi.lib : _printfi.c.obj (.text:_pconv_a)
                  000024f0    000001d0                                   : _printfi.c.obj (.text:_pconv_g)
                  000026c0    000001b6                                   : fd_add_t2.asm.obj (.text)
                  00002876    00000002     --HOLE-- [fill = 0]
                  00002878    000001b4     timers.obj (.text)
                  00002a2c    000001a8     keypad.obj (.text)
                  00002bd4    00000178     buttons.obj (.text)
                  00002d4c    0000013c     rtsv7M4_T_le_v4SPD16_eabi.lib : _printfi.c.obj (.text:_pconv_e)
                  00002e88    00000136                                   : fd_div_t2.asm.obj (.text)
                  00002fbe    00000002     --HOLE-- [fill = 0]
                  00002fc0    00000124                                   : _printfi.c.obj (.text:fcvt)
                  000030e4    00000110                                   : s_scalbn.c.obj (.text:scalbn)
                  000031f4    00000108     global_vars.obj (.text)
                  000032fc    000000fc     rtsv7M4_T_le_v4SPD16_eabi.lib : fd_mul_t2.asm.obj (.text)
                  000033f8    000000c8     led.obj (.text)
                  000034c0    000000bc     main.obj (.text)
                  0000357c    000000b1     rtsv7M4_T_le_v4SPD16_eabi.lib : _printfi.c.obj (.text:_ltostr)
                  0000362d    00000003     --HOLE-- [fill = 0]
                  00003630    000000b0     interrupts.obj (.text)
                  000036e0    0000009c     rtsv7M4_T_le_v4SPD16_eabi.lib : memcpy_t2.asm.obj (.text)
                  0000377c    00000096                                   : ull_div_t2.asm.obj (.text)
                  00003812    00000086                                   : fd_cmp_t2.asm.obj (.text:__aeabi_cdcmple)
                  00003898    00000086                                   : fd_cmp_t2.asm.obj (.text:__aeabi_cdrcmple)
                  0000391e    0000007a                                   : memset_t2.asm.obj (.text)
                  00003998    0000006e                                   : _printfi.c.obj (.text:_mcpy)
                  00003a06    00000068                                   : copy_decompress_lzss.c.obj (.text:decompress:lzss:__TI_decompress_lzss)
                  00003a6e    00000002     --HOLE-- [fill = 0]
                  00003a70    00000064                                   : s_frexp.c.obj (.text:frexp)
                  00003ad4    00000058     lcd.obj (.text)
                  00003b2c    00000056     rtsv7M4_T_le_v4SPD16_eabi.lib : _printfi.c.obj (.text:_pconv_f)
                  00003b82    00000054                                   : _ltoa.c.obj (.text:__TI_ltoa)
                  00003bd6    00000052                                   : _printfi.c.obj (.text:_ecpy)
                  00003c28    0000004c                                   : atoi.c.obj (.text:atoi)
                  00003c74    00000048                                   : fd_toi_t2.asm.obj (.text)
                  00003cbc    00000044                                   : autoinit.c.obj (.text:__TI_auto_init_nobinit_nopinit:__TI_auto_init_nobinit_nopinit)
                  00003d00    00000040                                   : sprintf.c.obj (.text:sprintf)
                  00003d40    0000003e                                   : _printfi.c.obj (.text:_fcpy)
                  00003d7e    00000002     --HOLE-- [fill = 0]
                  00003d80    00000034                                   : boot_cortex_m.c.obj (.text:_c_int00_noargs:_c_int00_noargs)
                  00003db4    0000002e                                   : i_tofd_t2.asm.obj (.text)
                  00003de2    0000001c                                   : copy_zero_init.c.obj (.text:decompress:ZI:__TI_zero_init_nomemset:__TI_zero_init_nomemset)
                  00003dfe    0000001c                                   : memccpy.c.obj (.text:memccpy)
                  00003e1a    0000001a                                   : s_copysign.c.obj (.text:copysign)
                  00003e34    00000018                                   : sprintf.c.obj (.text:_outs)
                  00003e4c    00000016                                   : strchr.c.obj (.text:strchr)
                  00003e62    00000014                                   : strlen.c.obj (.text:strlen)
                  00003e76    00000012                                   : wcslen.c.obj (.text:wcslen)
                  00003e88    0000000e                                   : copy_decompress_none.c.obj (.text:decompress:none:__TI_decompress_none)
                  00003e96    0000000e     startup_msp432p401r_ccs.obj (.text)
                  00003ea4    0000000a     rtsv7M4_T_le_v4SPD16_eabi.lib : sprintf.c.obj (.text:_outc)
                  00003eae    00000002     --HOLE-- [fill = 0]
                  00003eb0    00000008                                   : errno.c.obj (.text:__aeabi_errno_addr)
                  00003eb8    00000004                                   : pre_init.c.obj (.text:_system_pre_init)
                  00003ebc    00000004                                   : exit.c.obj (.text:abort:abort)

.const     0    00003ec0    0000010a     
                  00003ec0    00000101     rtsv7M4_T_le_v4SPD16_eabi.lib : ctype.c.obj (.const:.string:_ctypes_)
                  00003fc1    00000006     hd44780.obj (.const:.string:$P$T0$5)
                  00003fc7    00000003     hd44780.obj (.const:.string:u8__row_start_address$4)

.cinit     0    00003fd0    00000038     
                  00003fd0    0000000e     (.cinit..data.load) [load image, compression = lzss]
                  00003fde    00000002     --HOLE-- [fill = 0]
                  00003fe0    0000000c     (__TI_handler_table)
                  00003fec    00000004     --HOLE-- [fill = 0]
                  00003ff0    00000008     (.cinit..bss.load) [load image, compression = zero_init]
                  00003ff8    00000010     (__TI_cinit_table)

.init_array 
*          0    00000000    00000000     UNINITIALIZED

.binit     0    00000000    00000000     

.bss       0    20000000    000000a0     UNINITIALIZED
                  20000000    00000040     hd44780.obj (.bss:u8__hd44780_data_buffer)
                  20000040    00000004     (.common:alarm_hr_ones)
                  20000044    00000004     (.common:alarm_hr_tens)
                  20000048    00000004     (.common:alarm_min_ones)
                  2000004c    00000004     (.common:alarm_min_tens)
                  20000050    00000004     (.common:blink)
                  20000054    00000004     (.common:button)
                  20000058    00000004     (.common:current_global_state)
                  2000005c    00000004     (.common:current_set_state)
                  20000060    00000004     (.common:deciseconds)
                  20000064    00000004     (.common:hours)
                  20000068    00000004     (.common:keyval)
                  2000006c    00000004     (.common:last_global_state)
                  20000070    00000004     (.common:marker)
                  20000074    00000004     (.common:minutes)
                  20000078    00000004     (.common:note)
                  2000007c    00000004     (.common:note_interval)
                  20000080    00000004     (.common:seconds)
                  20000084    00000004     (.common:set_hr_ones)
                  20000088    00000004     (.common:set_hr_tens)
                  2000008c    00000004     (.common:set_min_ones)
                  20000090    00000004     (.common:set_min_tens)
                  20000094    00000004     (.common:snooze_seconds)
                  20000098    00000004     (.common:toggle)
                  2000009c    00000001     hd44780.obj (.bss)
                  2000009d    00000001     (.common:alarm_set)
                  2000009e    00000001     (.common:alarm_sounding)
                  2000009f    00000001     (.common:snoozing)

.data      0    200000a0    0000000c     UNINITIALIZED
                  200000a0    00000004     hd44780.obj (.data)
                  200000a4    00000004     rtsv7M4_T_le_v4SPD16_eabi.lib : errno.c.obj (.data)
                  200000a8    00000004     system_msp432p401r.obj (.data)

.stack     0    2000fe00    00000200     UNINITIALIZED
                  2000fe00    00000004     rtsv7M4_T_le_v4SPD16_eabi.lib : boot_cortex_m.c.obj (.stack)
                  2000fe04    000001fc     --HOLE--

__llvm_prf_cnts 
*          0    20000000    00000000     UNINITIALIZED

MODULE SUMMARY

       Module                        code    ro data   rw data
       ------                        ----    -------   -------
    .\
       system_msp432p401r.obj        820     0         8      
       main.obj                      188     0         190    
       startup_msp432p401r_ccs.obj   14      228       0      
    +--+-----------------------------+-------+---------+---------+
       Total:                        1022    228       198    
                                                              
    .\hd44780\
       hd44780.obj                   1380    9         138    
    +--+-----------------------------+-------+---------+---------+
       Total:                        1380    9         138    
                                                              
    .\libraries\
       states.obj                    3764    0         0      
       timers.obj                    436     0         0      
       keypad.obj                    424     0         0      
       buttons.obj                   376     0         0      
       global_vars.obj               264     0         0      
       led.obj                       200     0         0      
       interrupts.obj                176     0         0      
       lcd.obj                       88      0         0      
    +--+-----------------------------+-------+---------+---------+
       Total:                        5728    0         0      
                                                              
    D:\Programs\ti\ccs1040\ccs\tools\compiler\ti-cgt-arm_20.2.6.LTS\lib\rtsv7M4_T_le_v4SPD16_eabi.lib
       _printfi.c.obj                4851    0         0      
       fd_add_t2.asm.obj             438     0         0      
       fd_div_t2.asm.obj             310     0         0      
       s_scalbn.c.obj                272     0         0      
       fd_cmp_t2.asm.obj             268     0         0      
       ctype.c.obj                   0       257       0      
       fd_mul_t2.asm.obj             252     0         0      
       memcpy_t2.asm.obj             156     0         0      
       ull_div_t2.asm.obj            150     0         0      
       memset_t2.asm.obj             122     0         0      
       copy_decompress_lzss.c.obj    104     0         0      
       s_frexp.c.obj                 100     0         0      
       sprintf.c.obj                 98      0         0      
       _ltoa.c.obj                   84      0         0      
       atoi.c.obj                    76      0         0      
       fd_toi_t2.asm.obj             72      0         0      
       autoinit.c.obj                68      0         0      
       boot_cortex_m.c.obj           52      0         0      
       i_tofd_t2.asm.obj             46      0         0      
       copy_zero_init.c.obj          28      0         0      
       memccpy.c.obj                 28      0         0      
       s_copysign.c.obj              26      0         0      
       strchr.c.obj                  22      0         0      
       strlen.c.obj                  20      0         0      
       wcslen.c.obj                  18      0         0      
       errno.c.obj                   8       0         8      
       copy_decompress_none.c.obj    14      0         0      
       exit.c.obj                    4       0         0      
       pre_init.c.obj                4       0         0      
       div0.asm.obj                  2       0         0      
    +--+-----------------------------+-------+---------+---------+
       Total:                        7693    257       8      
                                                              
       Stack:                        0       0         1024   
       Linker Generated:             0       50        0      
    +--+-----------------------------+-------+---------+---------+
       Grand Total:                  15823   544       1368   


LINKER GENERATED COPY TABLES

__TI_cinit_table @ 00003ff8 records: 2, size/record: 8, table size: 16
	.data: load addr=00003fd0, load size=0000000e bytes, run addr=200000a0, run size=0000000c bytes, compression=lzss
	.bss: load addr=00003ff0, load size=00000008 bytes, run addr=20000000, run size=000000a0 bytes, compression=zero_init


LINKER GENERATED HANDLER TABLE

__TI_handler_table @ 00003fe0 records: 3, size/record: 4, table size: 12
	index: 0, handler: __TI_decompress_lzss
	index: 1, handler: __TI_decompress_none
	index: 2, handler: __TI_zero_init


GLOBAL SYMBOLS: SORTED ALPHABETICALLY BY Name 

address   name                                    
-------   ----                                    
00003ea3  ADC14_IRQHandler                        
00003ea3  AES256_IRQHandler                       
00003ea3  BusFault_Handler                        
00003ebd  C$$EXIT                                 
00003ea3  COMP_E0_IRQHandler                      
00003ea3  COMP_E1_IRQHandler                      
00003ea3  CS_IRQHandler                           
00003ea3  DMA_ERR_IRQHandler                      
00003ea3  DMA_INT0_IRQHandler                     
00003ea3  DMA_INT1_IRQHandler                     
00003ea3  DMA_INT2_IRQHandler                     
00003ea3  DMA_INT3_IRQHandler                     
00003ea3  DebugMon_Handler                        
00003ea3  Default_Handler                         
00003ea3  EUSCIA0_IRQHandler                      
00003ea3  EUSCIA1_IRQHandler                      
00003ea3  EUSCIA2_IRQHandler                      
00003ea3  EUSCIA3_IRQHandler                      
00003ea3  EUSCIB0_IRQHandler                      
00003ea3  EUSCIB1_IRQHandler                      
00003ea3  EUSCIB2_IRQHandler                      
00003ea3  EUSCIB3_IRQHandler                      
00003ea3  FLCTL_IRQHandler                        
00003ea3  FPU_IRQHandler                          
00003ea3  HardFault_Handler                       
00003ea3  MemManage_Handler                       
00003ea3  NMI_Handler                             
00003ea3  PCM_IRQHandler                          
00003ea3  PORT1_IRQHandler                        
00003ea3  PORT2_IRQHandler                        
00003ea3  PORT3_IRQHandler                        
00003ea3  PORT4_IRQHandler                        
0000368d  PORT5_IRQHandler                        
0000368d  PORT5_IRQHandler                        
00003ea3  PORT6_IRQHandler                        
00003ea3  PSS_IRQHandler                          
00003ea3  PendSV_Handler                          
00003ea3  RTC_C_IRQHandler                        
00003e97  Reset_Handler                           
00003ea3  SVC_Handler                             
00003ea3  SysTick_Handler                         
00002903  SysTick_delay_ms                        
200000a8  SystemCoreClock                         
00001f4d  SystemCoreClockUpdate                   
000021c5  SystemInit                              
00003ea3  T32_INT1_IRQHandler                     
00003ea3  T32_INT2_IRQHandler                     
00003ea3  T32_INTC_IRQHandler                     
00003643  TA0_0_IRQHandler                        
00003643  TA0_0_IRQHandler                        
00003ea3  TA0_N_IRQHandler                        
00003631  TA1_0_IRQHandler                        
00003631  TA1_0_IRQHandler                        
00003ea3  TA1_N_IRQHandler                        
00003ea3  TA2_0_IRQHandler                        
00003ea3  TA2_N_IRQHandler                        
00003ea3  TA3_0_IRQHandler                        
00003ea3  TA3_N_IRQHandler                        
00003ea3  UsageFault_Handler                      
4000480c  WDTCTL_SYM                              
00003ea3  WDT_A_IRQHandler                        
20010000  __STACK_END                             
00000200  __STACK_SIZE                            
00003ff8  __TI_CINIT_Base                         
00004008  __TI_CINIT_Limit                        
00003fe0  __TI_Handler_Table_Base                 
00003fec  __TI_Handler_Table_Limit                
00003cbd  __TI_auto_init_nobinit_nopinit          
00003a07  __TI_decompress_lzss                    
00003e89  __TI_decompress_none                    
00003b83  __TI_ltoa                               
ffffffff  __TI_pprof_out_hndl                     
00000f99  __TI_printfi                            
ffffffff  __TI_prof_data_size                     
ffffffff  __TI_prof_data_start                    
00000000  __TI_static_base__                      
00003de3  __TI_zero_init_nomemset                 
00003813  __aeabi_cdcmpeq                         
00003813  __aeabi_cdcmple                         
00003899  __aeabi_cdrcmple                        
00003c75  __aeabi_d2iz                            
000026cb  __aeabi_dadd                            
00002e89  __aeabi_ddiv                            
000032fd  __aeabi_dmul                            
000026c1  __aeabi_dsub                            
00003eb1  __aeabi_errno_addr                      
00003db5  __aeabi_i2d                             
000019e7  __aeabi_idiv0                           
000019e7  __aeabi_ldiv0                           
0000391f  __aeabi_memclr                          
0000391f  __aeabi_memclr4                         
0000391f  __aeabi_memclr8                         
000036e1  __aeabi_memcpy                          
000036e1  __aeabi_memcpy4                         
000036e1  __aeabi_memcpy8                         
00003921  __aeabi_memset                          
00003921  __aeabi_memset4                         
00003921  __aeabi_memset8                         
0000377d  __aeabi_uldivmod                        
ffffffff  __binit__                               
ffffffff  __c_args__                              
UNDEFED   __mpu_init                              
2000fe00  __stack                                 
20000000  __start___llvm_prf_cnts                 
20000000  __stop___llvm_prf_cnts                  
00003d81  _c_int00_noargs                         
00003ec0  _ctypes_                                
UNDEFED   _system_post_cinit                      
00003eb9  _system_pre_init                        
00003ebd  abort                                   
00000d21  alarm                                   
20000040  alarm_hr_ones                           
20000044  alarm_hr_tens                           
20000048  alarm_min_ones                          
2000004c  alarm_min_tens                          
2000009d  alarm_set                               
2000009e  alarm_sounding                          
00000b7d  alarm_toggle                            
00003c29  atoi                                    
ffffffff  binit                                   
20000050  blink                                   
20000054  button                                  
00000ab1  button_press                            
00003e1b  copysign                                
00003e1b  copysignl                               
20000058  current_global_state                    
2000005c  current_set_state                       
20000060  deciseconds                             
00000cfd  display_alarm_toggle                    
00000cb5  display_set_time                        
00000bd5  display_time                            
200000a4  errno                                   
00003a71  frexp                                   
00003a71  frexpl                                  
0000350d  global_switch_machine                   
00001cd9  hd44780_blank_out_remaining_row         
00001c13  hd44780_clear_row                       
00001c67  hd44780_clear_screen                    
00001c99  hd44780_michaels_awesome_clear_screen   
00001d55  hd44780_output_adc_value_mv             
00001e05  hd44780_output_unsigned_16bit_value     
000019e9  hd44780_timer_isr                       
00001d41  hd44780_write_shared_shift_register_bits
00001b65  hd44780_write_string                    
20000064  hours                                   
000028e3  init_SysTick                            
0000299f  init_TA2_PWM                            
00002c3f  init_button0                            
00002c87  init_button1                            
00002d0f  init_button_interrupts                  
00002a2d  init_keypad                             
00003ad5  init_lcd                                
000033f9  init_led                                
000034cd  init_system                             
0000296b  init_timer_A0                           
0000293b  init_timer_A1                           
00000000  interruptVectors                        
20000068  keyval                                  
2000006c  last_global_state                       
000030e5  ldexp                                   
000030e5  ldexpl                                  
00003485  led_off                                 
00003459  led_on                                  
000034c1  main                                    
20000070  marker                                  
00003dff  memccpy                                 
000036e1  memcpy                                  
00003927  memset                                  
20000074  minutes                                 
20000078  note                                    
2000007c  note_interval                           
00000d65  play_alarm                              
00002ccf  read_button0                            
00002cef  read_button1                            
00002aa1  read_keypad                             
000030e5  scalbn                                  
000030e5  scalbnl                                 
20000080  seconds                                 
00000575  set_alarm_logic                         
000004c3  set_alarm_overlay                       
20000084  set_hr_ones                             
20000088  set_hr_tens                             
2000008c  set_min_ones                            
20000090  set_min_tens                            
00000131  set_time_logic                          
000000e5  set_time_overlay                        
000031f5  set_vars                                
00000a6d  snooze_overlay                          
20000094  snooze_seconds                          
2000009f  snoozing                                
00003d01  sprintf                                 
00003e4d  strchr                                  
00003e63  strlen                                  
000009a5  tick_logic                              
00000961  ticking_overlay                         
20000098  toggle                                  
00003e77  wcslen                                  


GLOBAL SYMBOLS: SORTED BY Symbol Address 

address   name                                    
-------   ----                                    
00000000  __TI_static_base__                      
00000000  interruptVectors                        
000000e5  set_time_overlay                        
00000131  set_time_logic                          
00000200  __STACK_SIZE                            
000004c3  set_alarm_overlay                       
00000575  set_alarm_logic                         
00000961  ticking_overlay                         
000009a5  tick_logic                              
00000a6d  snooze_overlay                          
00000ab1  button_press                            
00000b7d  alarm_toggle                            
00000bd5  display_time                            
00000cb5  display_set_time                        
00000cfd  display_alarm_toggle                    
00000d21  alarm                                   
00000d65  play_alarm                              
00000f99  __TI_printfi                            
000019e7  __aeabi_idiv0                           
000019e7  __aeabi_ldiv0                           
000019e9  hd44780_timer_isr                       
00001b65  hd44780_write_string                    
00001c13  hd44780_clear_row                       
00001c67  hd44780_clear_screen                    
00001c99  hd44780_michaels_awesome_clear_screen   
00001cd9  hd44780_blank_out_remaining_row         
00001d41  hd44780_write_shared_shift_register_bits
00001d55  hd44780_output_adc_value_mv             
00001e05  hd44780_output_unsigned_16bit_value     
00001f4d  SystemCoreClockUpdate                   
000021c5  SystemInit                              
000026c1  __aeabi_dsub                            
000026cb  __aeabi_dadd                            
000028e3  init_SysTick                            
00002903  SysTick_delay_ms                        
0000293b  init_timer_A1                           
0000296b  init_timer_A0                           
0000299f  init_TA2_PWM                            
00002a2d  init_keypad                             
00002aa1  read_keypad                             
00002c3f  init_button0                            
00002c87  init_button1                            
00002ccf  read_button0                            
00002cef  read_button1                            
00002d0f  init_button_interrupts                  
00002e89  __aeabi_ddiv                            
000030e5  ldexp                                   
000030e5  ldexpl                                  
000030e5  scalbn                                  
000030e5  scalbnl                                 
000031f5  set_vars                                
000032fd  __aeabi_dmul                            
000033f9  init_led                                
00003459  led_on                                  
00003485  led_off                                 
000034c1  main                                    
000034cd  init_system                             
0000350d  global_switch_machine                   
00003631  TA1_0_IRQHandler                        
00003631  TA1_0_IRQHandler                        
00003643  TA0_0_IRQHandler                        
00003643  TA0_0_IRQHandler                        
0000368d  PORT5_IRQHandler                        
0000368d  PORT5_IRQHandler                        
000036e1  __aeabi_memcpy                          
000036e1  __aeabi_memcpy4                         
000036e1  __aeabi_memcpy8                         
000036e1  memcpy                                  
0000377d  __aeabi_uldivmod                        
00003813  __aeabi_cdcmpeq                         
00003813  __aeabi_cdcmple                         
00003899  __aeabi_cdrcmple                        
0000391f  __aeabi_memclr                          
0000391f  __aeabi_memclr4                         
0000391f  __aeabi_memclr8                         
00003921  __aeabi_memset                          
00003921  __aeabi_memset4                         
00003921  __aeabi_memset8                         
00003927  memset                                  
00003a07  __TI_decompress_lzss                    
00003a71  frexp                                   
00003a71  frexpl                                  
00003ad5  init_lcd                                
00003b83  __TI_ltoa                               
00003c29  atoi                                    
00003c75  __aeabi_d2iz                            
00003cbd  __TI_auto_init_nobinit_nopinit          
00003d01  sprintf                                 
00003d81  _c_int00_noargs                         
00003db5  __aeabi_i2d                             
00003de3  __TI_zero_init_nomemset                 
00003dff  memccpy                                 
00003e1b  copysign                                
00003e1b  copysignl                               
00003e4d  strchr                                  
00003e63  strlen                                  
00003e77  wcslen                                  
00003e89  __TI_decompress_none                    
00003e97  Reset_Handler                           
00003ea3  ADC14_IRQHandler                        
00003ea3  AES256_IRQHandler                       
00003ea3  BusFault_Handler                        
00003ea3  COMP_E0_IRQHandler                      
00003ea3  COMP_E1_IRQHandler                      
00003ea3  CS_IRQHandler                           
00003ea3  DMA_ERR_IRQHandler                      
00003ea3  DMA_INT0_IRQHandler                     
00003ea3  DMA_INT1_IRQHandler                     
00003ea3  DMA_INT2_IRQHandler                     
00003ea3  DMA_INT3_IRQHandler                     
00003ea3  DebugMon_Handler                        
00003ea3  Default_Handler                         
00003ea3  EUSCIA0_IRQHandler                      
00003ea3  EUSCIA1_IRQHandler                      
00003ea3  EUSCIA2_IRQHandler                      
00003ea3  EUSCIA3_IRQHandler                      
00003ea3  EUSCIB0_IRQHandler                      
00003ea3  EUSCIB1_IRQHandler                      
00003ea3  EUSCIB2_IRQHandler                      
00003ea3  EUSCIB3_IRQHandler                      
00003ea3  FLCTL_IRQHandler                        
00003ea3  FPU_IRQHandler                          
00003ea3  HardFault_Handler                       
00003ea3  MemManage_Handler                       
00003ea3  NMI_Handler                             
00003ea3  PCM_IRQHandler                          
00003ea3  PORT1_IRQHandler                        
00003ea3  PORT2_IRQHandler                        
00003ea3  PORT3_IRQHandler                        
00003ea3  PORT4_IRQHandler                        
00003ea3  PORT6_IRQHandler                        
00003ea3  PSS_IRQHandler                          
00003ea3  PendSV_Handler                          
00003ea3  RTC_C_IRQHandler                        
00003ea3  SVC_Handler                             
00003ea3  SysTick_Handler                         
00003ea3  T32_INT1_IRQHandler                     
00003ea3  T32_INT2_IRQHandler                     
00003ea3  T32_INTC_IRQHandler                     
00003ea3  TA0_N_IRQHandler                        
00003ea3  TA1_N_IRQHandler                        
00003ea3  TA2_0_IRQHandler                        
00003ea3  TA2_N_IRQHandler                        
00003ea3  TA3_0_IRQHandler                        
00003ea3  TA3_N_IRQHandler                        
00003ea3  UsageFault_Handler                      
00003ea3  WDT_A_IRQHandler                        
00003eb1  __aeabi_errno_addr                      
00003eb9  _system_pre_init                        
00003ebd  C$$EXIT                                 
00003ebd  abort                                   
00003ec0  _ctypes_                                
00003fe0  __TI_Handler_Table_Base                 
00003fec  __TI_Handler_Table_Limit                
00003ff8  __TI_CINIT_Base                         
00004008  __TI_CINIT_Limit                        
20000000  __start___llvm_prf_cnts                 
20000000  __stop___llvm_prf_cnts                  
20000040  alarm_hr_ones                           
20000044  alarm_hr_tens                           
20000048  alarm_min_ones                          
2000004c  alarm_min_tens                          
20000050  blink                                   
20000054  button                                  
20000058  current_global_state                    
2000005c  current_set_state                       
20000060  deciseconds                             
20000064  hours                                   
20000068  keyval                                  
2000006c  last_global_state                       
20000070  marker                                  
20000074  minutes                                 
20000078  note                                    
2000007c  note_interval                           
20000080  seconds                                 
20000084  set_hr_ones                             
20000088  set_hr_tens                             
2000008c  set_min_ones                            
20000090  set_min_tens                            
20000094  snooze_seconds                          
20000098  toggle                                  
2000009d  alarm_set                               
2000009e  alarm_sounding                          
2000009f  snoozing                                
200000a4  errno                                   
200000a8  SystemCoreClock                         
2000fe00  __stack                                 
20010000  __STACK_END                             
4000480c  WDTCTL_SYM                              
ffffffff  __TI_pprof_out_hndl                     
ffffffff  __TI_prof_data_size                     
ffffffff  __TI_prof_data_start                    
ffffffff  __binit__                               
ffffffff  __c_args__                              
ffffffff  binit                                   
UNDEFED   __mpu_init                              
UNDEFED   _system_post_cinit                      

[197 symbols]
