<?xml version="1.0" encoding="ISO-8859-1" ?>
<link_info>
   <banner>TI ARM Linker PC v20.2.6.LTS</banner>
   <copyright>Copyright (c) 1996-2018 Texas Instruments Incorporated</copyright>
   <link_time>0x6261e991</link_time>
   <link_errors>0x0</link_errors>
   <output_file>alarm_clock_v4.out</output_file>
   <entry_point>
      <name>_c_int00_noargs</name>
      <address>0x3d81</address>
   </entry_point>
   <input_file_list>
      <input_file id="fl-2">
         <path>.\</path>
         <kind>object</kind>
         <file>main.obj</file>
         <name>main.obj</name>
      </input_file>
      <input_file id="fl-3">
         <path>.\</path>
         <kind>object</kind>
         <file>startup_msp432p401r_ccs.obj</file>
         <name>startup_msp432p401r_ccs.obj</name>
      </input_file>
      <input_file id="fl-4">
         <path>.\</path>
         <kind>object</kind>
         <file>system_msp432p401r.obj</file>
         <name>system_msp432p401r.obj</name>
      </input_file>
      <input_file id="fl-5">
         <path>.\hd44780\</path>
         <kind>object</kind>
         <file>hd44780.obj</file>
         <name>hd44780.obj</name>
      </input_file>
      <input_file id="fl-6">
         <path>.\libraries\</path>
         <kind>object</kind>
         <file>buttons.obj</file>
         <name>buttons.obj</name>
      </input_file>
      <input_file id="fl-7">
         <path>.\libraries\</path>
         <kind>object</kind>
         <file>global_vars.obj</file>
         <name>global_vars.obj</name>
      </input_file>
      <input_file id="fl-8">
         <path>.\libraries\</path>
         <kind>object</kind>
         <file>interrupts.obj</file>
         <name>interrupts.obj</name>
      </input_file>
      <input_file id="fl-9">
         <path>.\libraries\</path>
         <kind>object</kind>
         <file>keypad.obj</file>
         <name>keypad.obj</name>
      </input_file>
      <input_file id="fl-a">
         <path>.\libraries\</path>
         <kind>object</kind>
         <file>lcd.obj</file>
         <name>lcd.obj</name>
      </input_file>
      <input_file id="fl-b">
         <path>.\libraries\</path>
         <kind>object</kind>
         <file>led.obj</file>
         <name>led.obj</name>
      </input_file>
      <input_file id="fl-c">
         <path>.\libraries\</path>
         <kind>object</kind>
         <file>states.obj</file>
         <name>states.obj</name>
      </input_file>
      <input_file id="fl-d">
         <path>.\libraries\</path>
         <kind>object</kind>
         <file>timers.obj</file>
         <name>timers.obj</name>
      </input_file>
      <input_file id="fl-11">
         <kind>object</kind>
         <file>&lt;internal&gt;</file>
         <name>&lt;internal&gt;</name>
      </input_file>
      <input_file id="fl-c7">
         <path>D:\Programs\ti\ccs1040\ccs\tools\compiler\ti-cgt-arm_20.2.6.LTS\lib\</path>
         <kind>archive</kind>
         <file>rtsv7M4_T_le_v4SPD16_eabi.lib</file>
         <name>sprintf.c.obj</name>
      </input_file>
      <input_file id="fl-c8">
         <path>D:\Programs\ti\ccs1040\ccs\tools\compiler\ti-cgt-arm_20.2.6.LTS\lib\</path>
         <kind>archive</kind>
         <file>rtsv7M4_T_le_v4SPD16_eabi.lib</file>
         <name>memcpy_t2.asm.obj</name>
      </input_file>
      <input_file id="fl-c9">
         <path>D:\Programs\ti\ccs1040\ccs\tools\compiler\ti-cgt-arm_20.2.6.LTS\lib\</path>
         <kind>archive</kind>
         <file>rtsv7M4_T_le_v4SPD16_eabi.lib</file>
         <name>copy_zero_init.c.obj</name>
      </input_file>
      <input_file id="fl-ca">
         <path>D:\Programs\ti\ccs1040\ccs\tools\compiler\ti-cgt-arm_20.2.6.LTS\lib\</path>
         <kind>archive</kind>
         <file>rtsv7M4_T_le_v4SPD16_eabi.lib</file>
         <name>copy_decompress_none.c.obj</name>
      </input_file>
      <input_file id="fl-cb">
         <path>D:\Programs\ti\ccs1040\ccs\tools\compiler\ti-cgt-arm_20.2.6.LTS\lib\</path>
         <kind>archive</kind>
         <file>rtsv7M4_T_le_v4SPD16_eabi.lib</file>
         <name>copy_decompress_lzss.c.obj</name>
      </input_file>
      <input_file id="fl-cc">
         <path>D:\Programs\ti\ccs1040\ccs\tools\compiler\ti-cgt-arm_20.2.6.LTS\lib\</path>
         <kind>archive</kind>
         <file>rtsv7M4_T_le_v4SPD16_eabi.lib</file>
         <name>boot_cortex_m.c.obj</name>
      </input_file>
      <input_file id="fl-cd">
         <path>D:\Programs\ti\ccs1040\ccs\tools\compiler\ti-cgt-arm_20.2.6.LTS\lib\</path>
         <kind>archive</kind>
         <file>rtsv7M4_T_le_v4SPD16_eabi.lib</file>
         <name>_printfi.c.obj</name>
      </input_file>
      <input_file id="fl-ce">
         <path>D:\Programs\ti\ccs1040\ccs\tools\compiler\ti-cgt-arm_20.2.6.LTS\lib\</path>
         <kind>archive</kind>
         <file>rtsv7M4_T_le_v4SPD16_eabi.lib</file>
         <name>fd_add_t2.asm.obj</name>
      </input_file>
      <input_file id="fl-cf">
         <path>D:\Programs\ti\ccs1040\ccs\tools\compiler\ti-cgt-arm_20.2.6.LTS\lib\</path>
         <kind>archive</kind>
         <file>rtsv7M4_T_le_v4SPD16_eabi.lib</file>
         <name>fd_cmp_t2.asm.obj</name>
      </input_file>
      <input_file id="fl-d0">
         <path>D:\Programs\ti\ccs1040\ccs\tools\compiler\ti-cgt-arm_20.2.6.LTS\lib\</path>
         <kind>archive</kind>
         <file>rtsv7M4_T_le_v4SPD16_eabi.lib</file>
         <name>fd_div_t2.asm.obj</name>
      </input_file>
      <input_file id="fl-d1">
         <path>D:\Programs\ti\ccs1040\ccs\tools\compiler\ti-cgt-arm_20.2.6.LTS\lib\</path>
         <kind>archive</kind>
         <file>rtsv7M4_T_le_v4SPD16_eabi.lib</file>
         <name>fd_mul_t2.asm.obj</name>
      </input_file>
      <input_file id="fl-d2">
         <path>D:\Programs\ti\ccs1040\ccs\tools\compiler\ti-cgt-arm_20.2.6.LTS\lib\</path>
         <kind>archive</kind>
         <file>rtsv7M4_T_le_v4SPD16_eabi.lib</file>
         <name>fd_toi_t2.asm.obj</name>
      </input_file>
      <input_file id="fl-d3">
         <path>D:\Programs\ti\ccs1040\ccs\tools\compiler\ti-cgt-arm_20.2.6.LTS\lib\</path>
         <kind>archive</kind>
         <file>rtsv7M4_T_le_v4SPD16_eabi.lib</file>
         <name>i_tofd_t2.asm.obj</name>
      </input_file>
      <input_file id="fl-d4">
         <path>D:\Programs\ti\ccs1040\ccs\tools\compiler\ti-cgt-arm_20.2.6.LTS\lib\</path>
         <kind>archive</kind>
         <file>rtsv7M4_T_le_v4SPD16_eabi.lib</file>
         <name>memset_t2.asm.obj</name>
      </input_file>
      <input_file id="fl-d5">
         <path>D:\Programs\ti\ccs1040\ccs\tools\compiler\ti-cgt-arm_20.2.6.LTS\lib\</path>
         <kind>archive</kind>
         <file>rtsv7M4_T_le_v4SPD16_eabi.lib</file>
         <name>ull_div_t2.asm.obj</name>
      </input_file>
      <input_file id="fl-d6">
         <path>D:\Programs\ti\ccs1040\ccs\tools\compiler\ti-cgt-arm_20.2.6.LTS\lib\</path>
         <kind>archive</kind>
         <file>rtsv7M4_T_le_v4SPD16_eabi.lib</file>
         <name>autoinit.c.obj</name>
      </input_file>
      <input_file id="fl-d7">
         <path>D:\Programs\ti\ccs1040\ccs\tools\compiler\ti-cgt-arm_20.2.6.LTS\lib\</path>
         <kind>archive</kind>
         <file>rtsv7M4_T_le_v4SPD16_eabi.lib</file>
         <name>pre_init.c.obj</name>
      </input_file>
      <input_file id="fl-d8">
         <path>D:\Programs\ti\ccs1040\ccs\tools\compiler\ti-cgt-arm_20.2.6.LTS\lib\</path>
         <kind>archive</kind>
         <file>rtsv7M4_T_le_v4SPD16_eabi.lib</file>
         <name>cpy_tbl.c.obj</name>
      </input_file>
      <input_file id="fl-d9">
         <path>D:\Programs\ti\ccs1040\ccs\tools\compiler\ti-cgt-arm_20.2.6.LTS\lib\</path>
         <kind>archive</kind>
         <file>rtsv7M4_T_le_v4SPD16_eabi.lib</file>
         <name>exit.c.obj</name>
      </input_file>
      <input_file id="fl-da">
         <path>D:\Programs\ti\ccs1040\ccs\tools\compiler\ti-cgt-arm_20.2.6.LTS\lib\</path>
         <kind>archive</kind>
         <file>rtsv7M4_T_le_v4SPD16_eabi.lib</file>
         <name>_lock.c.obj</name>
      </input_file>
      <input_file id="fl-db">
         <path>D:\Programs\ti\ccs1040\ccs\tools\compiler\ti-cgt-arm_20.2.6.LTS\lib\</path>
         <kind>archive</kind>
         <file>rtsv7M4_T_le_v4SPD16_eabi.lib</file>
         <name>_ltoa.c.obj</name>
      </input_file>
      <input_file id="fl-dc">
         <path>D:\Programs\ti\ccs1040\ccs\tools\compiler\ti-cgt-arm_20.2.6.LTS\lib\</path>
         <kind>archive</kind>
         <file>rtsv7M4_T_le_v4SPD16_eabi.lib</file>
         <name>args_main.c.obj</name>
      </input_file>
      <input_file id="fl-dd">
         <path>D:\Programs\ti\ccs1040\ccs\tools\compiler\ti-cgt-arm_20.2.6.LTS\lib\</path>
         <kind>archive</kind>
         <file>rtsv7M4_T_le_v4SPD16_eabi.lib</file>
         <name>atoi.c.obj</name>
      </input_file>
      <input_file id="fl-de">
         <path>D:\Programs\ti\ccs1040\ccs\tools\compiler\ti-cgt-arm_20.2.6.LTS\lib\</path>
         <kind>archive</kind>
         <file>rtsv7M4_T_le_v4SPD16_eabi.lib</file>
         <name>ctype.c.obj</name>
      </input_file>
      <input_file id="fl-df">
         <path>D:\Programs\ti\ccs1040\ccs\tools\compiler\ti-cgt-arm_20.2.6.LTS\lib\</path>
         <kind>archive</kind>
         <file>rtsv7M4_T_le_v4SPD16_eabi.lib</file>
         <name>memccpy.c.obj</name>
      </input_file>
      <input_file id="fl-e0">
         <path>D:\Programs\ti\ccs1040\ccs\tools\compiler\ti-cgt-arm_20.2.6.LTS\lib\</path>
         <kind>archive</kind>
         <file>rtsv7M4_T_le_v4SPD16_eabi.lib</file>
         <name>strchr.c.obj</name>
      </input_file>
      <input_file id="fl-e1">
         <path>D:\Programs\ti\ccs1040\ccs\tools\compiler\ti-cgt-arm_20.2.6.LTS\lib\</path>
         <kind>archive</kind>
         <file>rtsv7M4_T_le_v4SPD16_eabi.lib</file>
         <name>strlen.c.obj</name>
      </input_file>
      <input_file id="fl-e2">
         <path>D:\Programs\ti\ccs1040\ccs\tools\compiler\ti-cgt-arm_20.2.6.LTS\lib\</path>
         <kind>archive</kind>
         <file>rtsv7M4_T_le_v4SPD16_eabi.lib</file>
         <name>errno.c.obj</name>
      </input_file>
      <input_file id="fl-e3">
         <path>D:\Programs\ti\ccs1040\ccs\tools\compiler\ti-cgt-arm_20.2.6.LTS\lib\</path>
         <kind>archive</kind>
         <file>rtsv7M4_T_le_v4SPD16_eabi.lib</file>
         <name>s_frexp.c.obj</name>
      </input_file>
      <input_file id="fl-e4">
         <path>D:\Programs\ti\ccs1040\ccs\tools\compiler\ti-cgt-arm_20.2.6.LTS\lib\</path>
         <kind>archive</kind>
         <file>rtsv7M4_T_le_v4SPD16_eabi.lib</file>
         <name>s_scalbn.c.obj</name>
      </input_file>
      <input_file id="fl-e5">
         <path>D:\Programs\ti\ccs1040\ccs\tools\compiler\ti-cgt-arm_20.2.6.LTS\lib\</path>
         <kind>archive</kind>
         <file>rtsv7M4_T_le_v4SPD16_eabi.lib</file>
         <name>s_copysign.c.obj</name>
      </input_file>
      <input_file id="fl-e6">
         <path>D:\Programs\ti\ccs1040\ccs\tools\compiler\ti-cgt-arm_20.2.6.LTS\lib\</path>
         <kind>archive</kind>
         <file>rtsv7M4_T_le_v4SPD16_eabi.lib</file>
         <name>wcslen.c.obj</name>
      </input_file>
      <input_file id="fl-e7">
         <path>D:\Programs\ti\ccs1040\ccs\tools\compiler\ti-cgt-arm_20.2.6.LTS\lib\</path>
         <kind>archive</kind>
         <file>rtsv7M4_T_le_v4SPD16_eabi.lib</file>
         <name>div0.asm.obj</name>
      </input_file>
   </input_file_list>
   <object_component_list>
      <object_component id="oc-26">
         <name>.intvecs:retain</name>
         <load_address>0x0</load_address>
         <run_address>0x0</run_address>
         <size>0xe4</size>
         <input_file_ref idref="fl-3"/>
      </object_component>
      <object_component id="oc-102">
         <name>.text</name>
         <load_address>0xe4</load_address>
         <run_address>0xe4</run_address>
         <size>0xeb4</size>
         <input_file_ref idref="fl-c"/>
      </object_component>
      <object_component id="oc-1ca">
         <name>.text:__TI_printfi</name>
         <load_address>0xf98</load_address>
         <run_address>0xf98</run_address>
         <size>0xa4e</size>
         <input_file_ref idref="fl-cd"/>
      </object_component>
      <object_component id="oc-2ea">
         <name>.text</name>
         <load_address>0x19e6</load_address>
         <run_address>0x19e6</run_address>
         <size>0x2</size>
         <input_file_ref idref="fl-e7"/>
      </object_component>
      <object_component id="oc-b2">
         <name>.text</name>
         <load_address>0x19e8</load_address>
         <run_address>0x19e8</run_address>
         <size>0x564</size>
         <input_file_ref idref="fl-5"/>
      </object_component>
      <object_component id="oc-ab">
         <name>.text</name>
         <load_address>0x1f4c</load_address>
         <run_address>0x1f4c</run_address>
         <size>0x334</size>
         <input_file_ref idref="fl-4"/>
      </object_component>
      <object_component id="oc-22d">
         <name>.text:_pconv_a</name>
         <load_address>0x2280</load_address>
         <run_address>0x2280</run_address>
         <size>0x270</size>
         <input_file_ref idref="fl-cd"/>
      </object_component>
      <object_component id="oc-21b">
         <name>.text:_pconv_g</name>
         <load_address>0x24f0</load_address>
         <run_address>0x24f0</run_address>
         <size>0x1d0</size>
         <input_file_ref idref="fl-cd"/>
      </object_component>
      <object_component id="oc-291">
         <name>.text</name>
         <load_address>0x26c0</load_address>
         <run_address>0x26c0</run_address>
         <size>0x1b6</size>
         <input_file_ref idref="fl-ce"/>
      </object_component>
      <object_component id="oc-e4">
         <name>.text</name>
         <load_address>0x2878</load_address>
         <run_address>0x2878</run_address>
         <size>0x1b4</size>
         <input_file_ref idref="fl-d"/>
      </object_component>
      <object_component id="oc-ea">
         <name>.text</name>
         <load_address>0x2a2c</load_address>
         <run_address>0x2a2c</run_address>
         <size>0x1a8</size>
         <input_file_ref idref="fl-9"/>
      </object_component>
      <object_component id="oc-b8">
         <name>.text</name>
         <load_address>0x2bd4</load_address>
         <run_address>0x2bd4</run_address>
         <size>0x178</size>
         <input_file_ref idref="fl-6"/>
      </object_component>
      <object_component id="oc-227">
         <name>.text:_pconv_e</name>
         <load_address>0x2d4c</load_address>
         <run_address>0x2d4c</run_address>
         <size>0x13c</size>
         <input_file_ref idref="fl-cd"/>
      </object_component>
      <object_component id="oc-277">
         <name>.text</name>
         <load_address>0x2e88</load_address>
         <run_address>0x2e88</run_address>
         <size>0x136</size>
         <input_file_ref idref="fl-d0"/>
      </object_component>
      <object_component id="oc-2a3">
         <name>.text:fcvt</name>
         <load_address>0x2fc0</load_address>
         <run_address>0x2fc0</run_address>
         <size>0x124</size>
         <input_file_ref idref="fl-cd"/>
      </object_component>
      <object_component id="oc-2b7">
         <name>.text:scalbn</name>
         <load_address>0x30e4</load_address>
         <run_address>0x30e4</run_address>
         <size>0x110</size>
         <input_file_ref idref="fl-e4"/>
      </object_component>
      <object_component id="oc-fc">
         <name>.text</name>
         <load_address>0x31f4</load_address>
         <run_address>0x31f4</run_address>
         <size>0x108</size>
         <input_file_ref idref="fl-7"/>
      </object_component>
      <object_component id="oc-272">
         <name>.text</name>
         <load_address>0x32fc</load_address>
         <run_address>0x32fc</run_address>
         <size>0xfc</size>
         <input_file_ref idref="fl-d1"/>
      </object_component>
      <object_component id="oc-f6">
         <name>.text</name>
         <load_address>0x33f8</load_address>
         <run_address>0x33f8</run_address>
         <size>0xc8</size>
         <input_file_ref idref="fl-b"/>
      </object_component>
      <object_component id="oc-99">
         <name>.text</name>
         <load_address>0x34c0</load_address>
         <run_address>0x34c0</run_address>
         <size>0xbc</size>
         <input_file_ref idref="fl-2"/>
      </object_component>
      <object_component id="oc-210">
         <name>.text:_ltostr</name>
         <load_address>0x357c</load_address>
         <run_address>0x357c</run_address>
         <size>0xb1</size>
         <input_file_ref idref="fl-cd"/>
      </object_component>
      <object_component id="oc-6d">
         <name>.text</name>
         <load_address>0x3630</load_address>
         <run_address>0x3630</run_address>
         <size>0xb0</size>
         <input_file_ref idref="fl-8"/>
      </object_component>
      <object_component id="oc-37">
         <name>.text</name>
         <load_address>0x36e0</load_address>
         <run_address>0x36e0</run_address>
         <size>0x9c</size>
         <input_file_ref idref="fl-c8"/>
      </object_component>
      <object_component id="oc-26b">
         <name>.text</name>
         <load_address>0x377c</load_address>
         <run_address>0x377c</run_address>
         <size>0x96</size>
         <input_file_ref idref="fl-d5"/>
      </object_component>
      <object_component id="oc-216">
         <name>.text:__aeabi_cdcmple</name>
         <load_address>0x3812</load_address>
         <run_address>0x3812</run_address>
         <size>0x86</size>
         <input_file_ref idref="fl-cf"/>
      </object_component>
      <object_component id="oc-27c">
         <name>.text:__aeabi_cdrcmple</name>
         <load_address>0x3898</load_address>
         <run_address>0x3898</run_address>
         <size>0x86</size>
         <input_file_ref idref="fl-cf"/>
      </object_component>
      <object_component id="oc-8d">
         <name>.text</name>
         <load_address>0x391e</load_address>
         <run_address>0x391e</run_address>
         <size>0x7a</size>
         <input_file_ref idref="fl-d4"/>
      </object_component>
      <object_component id="oc-29c">
         <name>.text:_mcpy</name>
         <load_address>0x3998</load_address>
         <run_address>0x3998</run_address>
         <size>0x6e</size>
         <input_file_ref idref="fl-cd"/>
      </object_component>
      <object_component id="oc-17">
         <name>.text:decompress:lzss:__TI_decompress_lzss</name>
         <load_address>0x3a06</load_address>
         <run_address>0x3a06</run_address>
         <size>0x68</size>
         <input_file_ref idref="fl-cb"/>
      </object_component>
      <object_component id="oc-2b1">
         <name>.text:frexp</name>
         <load_address>0x3a70</load_address>
         <run_address>0x3a70</run_address>
         <size>0x64</size>
         <input_file_ref idref="fl-e3"/>
      </object_component>
      <object_component id="oc-f0">
         <name>.text</name>
         <load_address>0x3ad4</load_address>
         <run_address>0x3ad4</run_address>
         <size>0x58</size>
         <input_file_ref idref="fl-a"/>
      </object_component>
      <object_component id="oc-221">
         <name>.text:_pconv_f</name>
         <load_address>0x3b2c</load_address>
         <run_address>0x3b2c</run_address>
         <size>0x56</size>
         <input_file_ref idref="fl-cd"/>
      </object_component>
      <object_component id="oc-286">
         <name>.text:__TI_ltoa</name>
         <load_address>0x3b82</load_address>
         <run_address>0x3b82</run_address>
         <size>0x54</size>
         <input_file_ref idref="fl-db"/>
      </object_component>
      <object_component id="oc-296">
         <name>.text:_ecpy</name>
         <load_address>0x3bd6</load_address>
         <run_address>0x3bd6</run_address>
         <size>0x52</size>
         <input_file_ref idref="fl-cd"/>
      </object_component>
      <object_component id="oc-20a">
         <name>.text:atoi</name>
         <load_address>0x3c28</load_address>
         <run_address>0x3c28</run_address>
         <size>0x4c</size>
         <input_file_ref idref="fl-dd"/>
      </object_component>
      <object_component id="oc-281">
         <name>.text</name>
         <load_address>0x3c74</load_address>
         <run_address>0x3c74</run_address>
         <size>0x48</size>
         <input_file_ref idref="fl-d2"/>
      </object_component>
      <object_component id="oc-115">
         <name>.text:__TI_auto_init_nobinit_nopinit:__TI_auto_init_nobinit_nopinit</name>
         <load_address>0x3cbc</load_address>
         <run_address>0x3cbc</run_address>
         <size>0x44</size>
         <input_file_ref idref="fl-d6"/>
      </object_component>
      <object_component id="oc-196">
         <name>.text:sprintf</name>
         <load_address>0x3d00</load_address>
         <run_address>0x3d00</run_address>
         <size>0x40</size>
         <input_file_ref idref="fl-c7"/>
      </object_component>
      <object_component id="oc-2a9">
         <name>.text:_fcpy</name>
         <load_address>0x3d40</load_address>
         <run_address>0x3d40</run_address>
         <size>0x3e</size>
         <input_file_ref idref="fl-cd"/>
      </object_component>
      <object_component id="oc-55">
         <name>.text:_c_int00_noargs:_c_int00_noargs</name>
         <load_address>0x3d80</load_address>
         <run_address>0x3d80</run_address>
         <size>0x34</size>
         <input_file_ref idref="fl-cc"/>
      </object_component>
      <object_component id="oc-28c">
         <name>.text</name>
         <load_address>0x3db4</load_address>
         <run_address>0x3db4</run_address>
         <size>0x2e</size>
         <input_file_ref idref="fl-d3"/>
      </object_component>
      <object_component id="oc-43">
         <name>.text:decompress:ZI:__TI_zero_init_nomemset:__TI_zero_init_nomemset</name>
         <load_address>0x3de2</load_address>
         <run_address>0x3de2</run_address>
         <size>0x1c</size>
         <input_file_ref idref="fl-c9"/>
      </object_component>
      <object_component id="oc-233">
         <name>.text:memccpy</name>
         <load_address>0x3dfe</load_address>
         <run_address>0x3dfe</run_address>
         <size>0x1c</size>
         <input_file_ref idref="fl-df"/>
      </object_component>
      <object_component id="oc-303">
         <name>.text:copysign</name>
         <load_address>0x3e1a</load_address>
         <run_address>0x3e1a</run_address>
         <size>0x1a</size>
         <input_file_ref idref="fl-e5"/>
      </object_component>
      <object_component id="oc-1d0">
         <name>.text:_outs</name>
         <load_address>0x3e34</load_address>
         <run_address>0x3e34</run_address>
         <size>0x18</size>
         <input_file_ref idref="fl-c7"/>
      </object_component>
      <object_component id="oc-2bd">
         <name>.text:strchr</name>
         <load_address>0x3e4c</load_address>
         <run_address>0x3e4c</run_address>
         <size>0x16</size>
         <input_file_ref idref="fl-e0"/>
      </object_component>
      <object_component id="oc-204">
         <name>.text:strlen</name>
         <load_address>0x3e62</load_address>
         <run_address>0x3e62</run_address>
         <size>0x14</size>
         <input_file_ref idref="fl-e1"/>
      </object_component>
      <object_component id="oc-239">
         <name>.text:wcslen</name>
         <load_address>0x3e76</load_address>
         <run_address>0x3e76</run_address>
         <size>0x12</size>
         <input_file_ref idref="fl-e6"/>
      </object_component>
      <object_component id="oc-1d">
         <name>.text:decompress:none:__TI_decompress_none</name>
         <load_address>0x3e88</load_address>
         <run_address>0x3e88</run_address>
         <size>0xe</size>
         <input_file_ref idref="fl-ca"/>
      </object_component>
      <object_component id="oc-67">
         <name>.text</name>
         <load_address>0x3e96</load_address>
         <run_address>0x3e96</run_address>
         <size>0xe</size>
         <input_file_ref idref="fl-3"/>
      </object_component>
      <object_component id="oc-1d6">
         <name>.text:_outc</name>
         <load_address>0x3ea4</load_address>
         <run_address>0x3ea4</run_address>
         <size>0xa</size>
         <input_file_ref idref="fl-c7"/>
      </object_component>
      <object_component id="oc-23f">
         <name>.text:__aeabi_errno_addr</name>
         <load_address>0x3eb0</load_address>
         <run_address>0x3eb0</run_address>
         <size>0x8</size>
         <input_file_ref idref="fl-e2"/>
      </object_component>
      <object_component id="oc-93">
         <name>.text:_system_pre_init</name>
         <load_address>0x3eb8</load_address>
         <run_address>0x3eb8</run_address>
         <size>0x4</size>
         <input_file_ref idref="fl-d7"/>
      </object_component>
      <object_component id="oc-109">
         <name>.text:abort:abort</name>
         <load_address>0x3ebc</load_address>
         <run_address>0x3ebc</run_address>
         <size>0x4</size>
         <input_file_ref idref="fl-d9"/>
      </object_component>
      <object_component id="oc-266">
         <name>.const:.string:_ctypes_</name>
         <load_address>0x3ec0</load_address>
         <run_address>0x3ec0</run_address>
         <size>0x101</size>
         <input_file_ref idref="fl-de"/>
      </object_component>
      <object_component id="oc-156">
         <name>.const:.string:$P$T0$5</name>
         <load_address>0x3fc1</load_address>
         <run_address>0x3fc1</run_address>
         <size>0x6</size>
         <input_file_ref idref="fl-5"/>
      </object_component>
      <object_component id="oc-155">
         <name>.const:.string:u8__row_start_address$4</name>
         <load_address>0x3fc7</load_address>
         <run_address>0x3fc7</run_address>
         <size>0x3</size>
         <input_file_ref idref="fl-5"/>
      </object_component>
      <object_component id="oc-361">
         <name>.cinit..data.load</name>
         <load_address>0x3fd0</load_address>
         <run_address>0x3fd0</run_address>
         <size>0xe</size>
      </object_component>
      <object_component id="oc-35f">
         <name>__TI_handler_table</name>
         <load_address>0x3fe0</load_address>
         <run_address>0x3fe0</run_address>
         <size>0xc</size>
      </object_component>
      <object_component id="oc-362">
         <name>.cinit..bss.load</name>
         <load_address>0x3ff0</load_address>
         <run_address>0x3ff0</run_address>
         <size>0x8</size>
      </object_component>
      <object_component id="oc-360">
         <name>__TI_cinit_table</name>
         <load_address>0x3ff8</load_address>
         <run_address>0x3ff8</run_address>
         <size>0x10</size>
      </object_component>
      <object_component id="oc-333">
         <name>.binit</name>
         <load_address>0x0</load_address>
         <run_address>0x0</run_address>
         <size>0x0</size>
      </object_component>
      <object_component id="oc-147">
         <name>.data</name>
         <load_address>0x200000a8</load_address>
         <run_address>0x200000a8</run_address>
         <size>0x4</size>
         <input_file_ref idref="fl-4"/>
      </object_component>
      <object_component id="oc-150">
         <name>.data</name>
         <load_address>0x200000a0</load_address>
         <run_address>0x200000a0</run_address>
         <size>0x4</size>
         <input_file_ref idref="fl-5"/>
      </object_component>
      <object_component id="oc-2cd">
         <name>.data</name>
         <load_address>0x200000a4</load_address>
         <run_address>0x200000a4</run_address>
         <size>0x4</size>
         <input_file_ref idref="fl-e2"/>
      </object_component>
      <object_component id="oc-152">
         <name>.bss:u8__hd44780_data_buffer</name>
         <uninitialized>true</uninitialized>
         <run_address>0x20000000</run_address>
         <size>0x40</size>
         <input_file_ref idref="fl-5"/>
      </object_component>
      <object_component id="oc-151">
         <name>.bss</name>
         <uninitialized>true</uninitialized>
         <run_address>0x2000009c</run_address>
         <size>0x1</size>
         <input_file_ref idref="fl-5"/>
      </object_component>
      <object_component id="oc-be">
         <name>.common:current_global_state</name>
         <uninitialized>true</uninitialized>
         <run_address>0x20000058</run_address>
         <size>0x4</size>
      </object_component>
      <object_component id="oc-181">
         <name>.common:last_global_state</name>
         <uninitialized>true</uninitialized>
         <run_address>0x2000006c</run_address>
         <size>0x4</size>
      </object_component>
      <object_component id="oc-182">
         <name>.common:current_set_state</name>
         <uninitialized>true</uninitialized>
         <run_address>0x2000005c</run_address>
         <size>0x4</size>
      </object_component>
      <object_component id="oc-c7">
         <name>.common:deciseconds</name>
         <uninitialized>true</uninitialized>
         <run_address>0x20000060</run_address>
         <size>0x4</size>
      </object_component>
      <object_component id="oc-183">
         <name>.common:seconds</name>
         <uninitialized>true</uninitialized>
         <run_address>0x20000080</run_address>
         <size>0x4</size>
      </object_component>
      <object_component id="oc-184">
         <name>.common:minutes</name>
         <uninitialized>true</uninitialized>
         <run_address>0x20000074</run_address>
         <size>0x4</size>
      </object_component>
      <object_component id="oc-185">
         <name>.common:hours</name>
         <uninitialized>true</uninitialized>
         <run_address>0x20000064</run_address>
         <size>0x4</size>
      </object_component>
      <object_component id="oc-186">
         <name>.common:alarm_set</name>
         <uninitialized>true</uninitialized>
         <run_address>0x2000009d</run_address>
         <size>0x1</size>
      </object_component>
      <object_component id="oc-c9">
         <name>.common:alarm_sounding</name>
         <uninitialized>true</uninitialized>
         <run_address>0x2000009e</run_address>
         <size>0x1</size>
      </object_component>
      <object_component id="oc-187">
         <name>.common:alarm_hr_tens</name>
         <uninitialized>true</uninitialized>
         <run_address>0x20000044</run_address>
         <size>0x4</size>
      </object_component>
      <object_component id="oc-188">
         <name>.common:alarm_hr_ones</name>
         <uninitialized>true</uninitialized>
         <run_address>0x20000040</run_address>
         <size>0x4</size>
      </object_component>
      <object_component id="oc-189">
         <name>.common:alarm_min_tens</name>
         <uninitialized>true</uninitialized>
         <run_address>0x2000004c</run_address>
         <size>0x4</size>
      </object_component>
      <object_component id="oc-18a">
         <name>.common:alarm_min_ones</name>
         <uninitialized>true</uninitialized>
         <run_address>0x20000048</run_address>
         <size>0x4</size>
      </object_component>
      <object_component id="oc-18b">
         <name>.common:set_hr_tens</name>
         <uninitialized>true</uninitialized>
         <run_address>0x20000088</run_address>
         <size>0x4</size>
      </object_component>
      <object_component id="oc-18c">
         <name>.common:set_hr_ones</name>
         <uninitialized>true</uninitialized>
         <run_address>0x20000084</run_address>
         <size>0x4</size>
      </object_component>
      <object_component id="oc-18d">
         <name>.common:set_min_tens</name>
         <uninitialized>true</uninitialized>
         <run_address>0x20000090</run_address>
         <size>0x4</size>
      </object_component>
      <object_component id="oc-18e">
         <name>.common:set_min_ones</name>
         <uninitialized>true</uninitialized>
         <run_address>0x2000008c</run_address>
         <size>0x4</size>
      </object_component>
      <object_component id="oc-18f">
         <name>.common:keyval</name>
         <uninitialized>true</uninitialized>
         <run_address>0x20000068</run_address>
         <size>0x4</size>
      </object_component>
      <object_component id="oc-cb">
         <name>.common:button</name>
         <uninitialized>true</uninitialized>
         <run_address>0x20000054</run_address>
         <size>0x4</size>
      </object_component>
      <object_component id="oc-c8">
         <name>.common:blink</name>
         <uninitialized>true</uninitialized>
         <run_address>0x20000050</run_address>
         <size>0x4</size>
      </object_component>
      <object_component id="oc-190">
         <name>.common:toggle</name>
         <uninitialized>true</uninitialized>
         <run_address>0x20000098</run_address>
         <size>0x4</size>
      </object_component>
      <object_component id="oc-191">
         <name>.common:marker</name>
         <uninitialized>true</uninitialized>
         <run_address>0x20000070</run_address>
         <size>0x4</size>
      </object_component>
      <object_component id="oc-ca">
         <name>.common:note</name>
         <uninitialized>true</uninitialized>
         <run_address>0x20000078</run_address>
         <size>0x4</size>
      </object_component>
      <object_component id="oc-192">
         <name>.common:note_interval</name>
         <uninitialized>true</uninitialized>
         <run_address>0x2000007c</run_address>
         <size>0x4</size>
      </object_component>
      <object_component id="oc-193">
         <name>.common:snoozing</name>
         <uninitialized>true</uninitialized>
         <run_address>0x2000009f</run_address>
         <size>0x1</size>
      </object_component>
      <object_component id="oc-194">
         <name>.common:snooze_seconds</name>
         <uninitialized>true</uninitialized>
         <run_address>0x20000094</run_address>
         <size>0x4</size>
      </object_component>
      <object_component id="oc-29">
         <name>.stack</name>
         <uninitialized>true</uninitialized>
         <run_address>0x2000fe00</run_address>
         <size>0x4</size>
         <input_file_ref idref="fl-cc"/>
      </object_component>
      <object_component id="oc-364">
         <name>.stack</name>
         <uninitialized>true</uninitialized>
         <run_address>0x2000fe00</run_address>
         <size>0x0</size>
      </object_component>
      <object_component id="oc-bf">
         <name>.debug_info</name>
         <load_address>0x0</load_address>
         <run_address>0x0</run_address>
         <size>0xbfe</size>
         <input_file_ref idref="fl-2"/>
      </object_component>
      <object_component id="oc-9b">
         <name>.debug_info</name>
         <load_address>0xbfe</load_address>
         <run_address>0xbfe</run_address>
         <size>0x360</size>
         <input_file_ref idref="fl-2"/>
      </object_component>
      <object_component id="oc-161">
         <name>.debug_info</name>
         <load_address>0xf5e</load_address>
         <run_address>0xf5e</run_address>
         <size>0x37e2</size>
         <input_file_ref idref="fl-2"/>
      </object_component>
      <object_component id="oc-cf">
         <name>.debug_info</name>
         <load_address>0x4740</load_address>
         <run_address>0x4740</run_address>
         <size>0x26b</size>
         <input_file_ref idref="fl-2"/>
      </object_component>
      <object_component id="oc-168">
         <name>.debug_info</name>
         <load_address>0x49ab</load_address>
         <run_address>0x49ab</run_address>
         <size>0x1055</size>
         <input_file_ref idref="fl-2"/>
      </object_component>
      <object_component id="oc-15c">
         <name>.debug_info</name>
         <load_address>0x5a00</load_address>
         <run_address>0x5a00</run_address>
         <size>0x8b</size>
         <input_file_ref idref="fl-2"/>
      </object_component>
      <object_component id="oc-178">
         <name>.debug_info</name>
         <load_address>0x5a8b</load_address>
         <run_address>0x5a8b</run_address>
         <size>0x2a4</size>
         <input_file_ref idref="fl-2"/>
      </object_component>
      <object_component id="oc-14b">
         <name>.debug_info</name>
         <load_address>0x5d2f</load_address>
         <run_address>0x5d2f</run_address>
         <size>0xbb</size>
         <input_file_ref idref="fl-2"/>
      </object_component>
      <object_component id="oc-1de">
         <name>.debug_info</name>
         <load_address>0x5dea</load_address>
         <run_address>0x5dea</run_address>
         <size>0x2c</size>
         <input_file_ref idref="fl-2"/>
      </object_component>
      <object_component id="oc-16d">
         <name>.debug_info</name>
         <load_address>0x5e16</load_address>
         <run_address>0x5e16</run_address>
         <size>0x35</size>
         <input_file_ref idref="fl-2"/>
      </object_component>
      <object_component id="oc-75">
         <name>.debug_info</name>
         <load_address>0x5e4b</load_address>
         <run_address>0x5e4b</run_address>
         <size>0x2d3</size>
         <input_file_ref idref="fl-3"/>
      </object_component>
      <object_component id="oc-27">
         <name>.debug_info</name>
         <load_address>0x611e</load_address>
         <run_address>0x611e</run_address>
         <size>0xff</size>
         <input_file_ref idref="fl-3"/>
      </object_component>
      <object_component id="oc-68">
         <name>.debug_info</name>
         <load_address>0x621d</load_address>
         <run_address>0x621d</run_address>
         <size>0x1c6</size>
         <input_file_ref idref="fl-3"/>
      </object_component>
      <object_component id="oc-32">
         <name>.debug_info</name>
         <load_address>0x63e3</load_address>
         <run_address>0x63e3</run_address>
         <size>0x84</size>
         <input_file_ref idref="fl-3"/>
      </object_component>
      <object_component id="oc-148">
         <name>.debug_info</name>
         <load_address>0x6467</load_address>
         <run_address>0x6467</run_address>
         <size>0xf8</size>
         <input_file_ref idref="fl-4"/>
      </object_component>
      <object_component id="oc-ae">
         <name>.debug_info</name>
         <load_address>0x655f</load_address>
         <run_address>0x655f</run_address>
         <size>0x26a</size>
         <input_file_ref idref="fl-4"/>
      </object_component>
      <object_component id="oc-15a">
         <name>.debug_info</name>
         <load_address>0x67c9</load_address>
         <run_address>0x67c9</run_address>
         <size>0x581</size>
         <input_file_ref idref="fl-5"/>
      </object_component>
      <object_component id="oc-153">
         <name>.debug_info</name>
         <load_address>0x6d4a</load_address>
         <run_address>0x6d4a</run_address>
         <size>0x104</size>
         <input_file_ref idref="fl-5"/>
      </object_component>
      <object_component id="oc-157">
         <name>.debug_info</name>
         <load_address>0x6e4e</load_address>
         <run_address>0x6e4e</run_address>
         <size>0xe5</size>
         <input_file_ref idref="fl-5"/>
      </object_component>
      <object_component id="oc-b3">
         <name>.debug_info</name>
         <load_address>0x6f33</load_address>
         <run_address>0x6f33</run_address>
         <size>0xe9f</size>
         <input_file_ref idref="fl-5"/>
      </object_component>
      <object_component id="oc-1c5">
         <name>.debug_info</name>
         <load_address>0x7dd2</load_address>
         <run_address>0x7dd2</run_address>
         <size>0x37e2</size>
         <input_file_ref idref="fl-5"/>
      </object_component>
      <object_component id="oc-ba">
         <name>.debug_info</name>
         <load_address>0xb5b4</load_address>
         <run_address>0xb5b4</run_address>
         <size>0x554</size>
         <input_file_ref idref="fl-6"/>
      </object_component>
      <object_component id="oc-c1">
         <name>.debug_info</name>
         <load_address>0xbb08</load_address>
         <run_address>0xbb08</run_address>
         <size>0x924</size>
         <input_file_ref idref="fl-7"/>
      </object_component>
      <object_component id="oc-ff">
         <name>.debug_info</name>
         <load_address>0xc42c</load_address>
         <run_address>0xc42c</run_address>
         <size>0x139</size>
         <input_file_ref idref="fl-7"/>
      </object_component>
      <object_component id="oc-c3">
         <name>.debug_info</name>
         <load_address>0xc565</load_address>
         <run_address>0xc565</run_address>
         <size>0x9ca</size>
         <input_file_ref idref="fl-8"/>
      </object_component>
      <object_component id="oc-6e">
         <name>.debug_info</name>
         <load_address>0xcf2f</load_address>
         <run_address>0xcf2f</run_address>
         <size>0x26a</size>
         <input_file_ref idref="fl-8"/>
      </object_component>
      <object_component id="oc-eb">
         <name>.debug_info</name>
         <load_address>0xd199</load_address>
         <run_address>0xd199</run_address>
         <size>0x1e9</size>
         <input_file_ref idref="fl-9"/>
      </object_component>
      <object_component id="oc-f2">
         <name>.debug_info</name>
         <load_address>0xd382</load_address>
         <run_address>0xd382</run_address>
         <size>0x121</size>
         <input_file_ref idref="fl-a"/>
      </object_component>
      <object_component id="oc-f8">
         <name>.debug_info</name>
         <load_address>0xd4a3</load_address>
         <run_address>0xd4a3</run_address>
         <size>0x21f</size>
         <input_file_ref idref="fl-b"/>
      </object_component>
      <object_component id="oc-c5">
         <name>.debug_info</name>
         <load_address>0xd6c2</load_address>
         <run_address>0xd6c2</run_address>
         <size>0xa85</size>
         <input_file_ref idref="fl-c"/>
      </object_component>
      <object_component id="oc-105">
         <name>.debug_info</name>
         <load_address>0xe147</load_address>
         <run_address>0xe147</run_address>
         <size>0xe67</size>
         <input_file_ref idref="fl-c"/>
      </object_component>
      <object_component id="oc-e6">
         <name>.debug_info</name>
         <load_address>0xefae</load_address>
         <run_address>0xefae</run_address>
         <size>0x560</size>
         <input_file_ref idref="fl-d"/>
      </object_component>
      <object_component id="oc-1dd">
         <name>.debug_info</name>
         <load_address>0xf50e</load_address>
         <run_address>0xf50e</run_address>
         <size>0x333</size>
         <input_file_ref idref="fl-c7"/>
      </object_component>
      <object_component id="oc-198">
         <name>.debug_info</name>
         <load_address>0xf841</load_address>
         <run_address>0xf841</run_address>
         <size>0x1d1</size>
         <input_file_ref idref="fl-c7"/>
      </object_component>
      <object_component id="oc-1d3">
         <name>.debug_info</name>
         <load_address>0xfa12</load_address>
         <run_address>0xfa12</run_address>
         <size>0x18d</size>
         <input_file_ref idref="fl-c7"/>
      </object_component>
      <object_component id="oc-1da">
         <name>.debug_info</name>
         <load_address>0xfb9f</load_address>
         <run_address>0xfb9f</run_address>
         <size>0x16d</size>
         <input_file_ref idref="fl-c7"/>
      </object_component>
      <object_component id="oc-2d4">
         <name>.debug_info</name>
         <load_address>0xfd0c</load_address>
         <run_address>0xfd0c</run_address>
         <size>0x2c</size>
         <input_file_ref idref="fl-c7"/>
      </object_component>
      <object_component id="oc-38">
         <name>.debug_info</name>
         <load_address>0xfd38</load_address>
         <run_address>0xfd38</run_address>
         <size>0x119</size>
         <input_file_ref idref="fl-c8"/>
      </object_component>
      <object_component id="oc-8c">
         <name>.debug_info</name>
         <load_address>0xfe51</load_address>
         <run_address>0xfe51</run_address>
         <size>0x2d4</size>
         <input_file_ref idref="fl-c9"/>
      </object_component>
      <object_component id="oc-44">
         <name>.debug_info</name>
         <load_address>0x10125</load_address>
         <run_address>0x10125</run_address>
         <size>0x1d2</size>
         <input_file_ref idref="fl-c9"/>
      </object_component>
      <object_component id="oc-87">
         <name>.debug_info</name>
         <load_address>0x102f7</load_address>
         <run_address>0x102f7</run_address>
         <size>0x46</size>
         <input_file_ref idref="fl-c9"/>
      </object_component>
      <object_component id="oc-db">
         <name>.debug_info</name>
         <load_address>0x1033d</load_address>
         <run_address>0x1033d</run_address>
         <size>0x2c</size>
         <input_file_ref idref="fl-c9"/>
      </object_component>
      <object_component id="oc-42">
         <name>.debug_info</name>
         <load_address>0x10369</load_address>
         <run_address>0x10369</run_address>
         <size>0x2a8</size>
         <input_file_ref idref="fl-ca"/>
      </object_component>
      <object_component id="oc-20">
         <name>.debug_info</name>
         <load_address>0x10611</load_address>
         <run_address>0x10611</run_address>
         <size>0x1ea</size>
         <input_file_ref idref="fl-ca"/>
      </object_component>
      <object_component id="oc-3d">
         <name>.debug_info</name>
         <load_address>0x107fb</load_address>
         <run_address>0x107fb</run_address>
         <size>0x46</size>
         <input_file_ref idref="fl-ca"/>
      </object_component>
      <object_component id="oc-7f">
         <name>.debug_info</name>
         <load_address>0x10841</load_address>
         <run_address>0x10841</run_address>
         <size>0x2c</size>
         <input_file_ref idref="fl-ca"/>
      </object_component>
      <object_component id="oc-7d">
         <name>.debug_info</name>
         <load_address>0x1086d</load_address>
         <run_address>0x1086d</run_address>
         <size>0x29e</size>
         <input_file_ref idref="fl-cb"/>
      </object_component>
      <object_component id="oc-1b">
         <name>.debug_info</name>
         <load_address>0x10b0b</load_address>
         <run_address>0x10b0b</run_address>
         <size>0x250</size>
         <input_file_ref idref="fl-cb"/>
      </object_component>
      <object_component id="oc-2d">
         <name>.debug_info</name>
         <load_address>0x10d5b</load_address>
         <run_address>0x10d5b</run_address>
         <size>0x60</size>
         <input_file_ref idref="fl-cb"/>
      </object_component>
      <object_component id="oc-d4">
         <name>.debug_info</name>
         <load_address>0x10dbb</load_address>
         <run_address>0x10dbb</run_address>
         <size>0x46</size>
         <input_file_ref idref="fl-cb"/>
      </object_component>
      <object_component id="oc-78">
         <name>.debug_info</name>
         <load_address>0x10e01</load_address>
         <run_address>0x10e01</run_address>
         <size>0x39</size>
         <input_file_ref idref="fl-cb"/>
      </object_component>
      <object_component id="oc-2a">
         <name>.debug_info</name>
         <load_address>0x10e3a</load_address>
         <run_address>0x10e3a</run_address>
         <size>0x10b</size>
         <input_file_ref idref="fl-cc"/>
      </object_component>
      <object_component id="oc-57">
         <name>.debug_info</name>
         <load_address>0x10f45</load_address>
         <run_address>0x10f45</run_address>
         <size>0x1a9</size>
         <input_file_ref idref="fl-cc"/>
      </object_component>
      <object_component id="oc-246">
         <name>.debug_info</name>
         <load_address>0x110ee</load_address>
         <run_address>0x110ee</run_address>
         <size>0x590</size>
         <input_file_ref idref="fl-cd"/>
      </object_component>
      <object_component id="oc-214">
         <name>.debug_info</name>
         <load_address>0x1167e</load_address>
         <run_address>0x1167e</run_address>
         <size>0x21e</size>
         <input_file_ref idref="fl-cd"/>
      </object_component>
      <object_component id="oc-29a">
         <name>.debug_info</name>
         <load_address>0x1189c</load_address>
         <run_address>0x1189c</run_address>
         <size>0x1b3</size>
         <input_file_ref idref="fl-cd"/>
      </object_component>
      <object_component id="oc-2a0">
         <name>.debug_info</name>
         <load_address>0x11a4f</load_address>
         <run_address>0x11a4f</run_address>
         <size>0x21b</size>
         <input_file_ref idref="fl-cd"/>
      </object_component>
      <object_component id="oc-21f">
         <name>.debug_info</name>
         <load_address>0x11c6a</load_address>
         <run_address>0x11c6a</run_address>
         <size>0x3c0</size>
         <input_file_ref idref="fl-cd"/>
      </object_component>
      <object_component id="oc-2a7">
         <name>.debug_info</name>
         <load_address>0x1202a</load_address>
         <run_address>0x1202a</run_address>
         <size>0x30a</size>
         <input_file_ref idref="fl-cd"/>
      </object_component>
      <object_component id="oc-2ad">
         <name>.debug_info</name>
         <load_address>0x12334</load_address>
         <run_address>0x12334</run_address>
         <size>0x215</size>
         <input_file_ref idref="fl-cd"/>
      </object_component>
      <object_component id="oc-225">
         <name>.debug_info</name>
         <load_address>0x12549</load_address>
         <run_address>0x12549</run_address>
         <size>0x215</size>
         <input_file_ref idref="fl-cd"/>
      </object_component>
      <object_component id="oc-22b">
         <name>.debug_info</name>
         <load_address>0x1275e</load_address>
         <run_address>0x1275e</run_address>
         <size>0x304</size>
         <input_file_ref idref="fl-cd"/>
      </object_component>
      <object_component id="oc-231">
         <name>.debug_info</name>
         <load_address>0x12a62</load_address>
         <run_address>0x12a62</run_address>
         <size>0x4b5</size>
         <input_file_ref idref="fl-cd"/>
      </object_component>
      <object_component id="oc-1ce">
         <name>.debug_info</name>
         <load_address>0x12f17</load_address>
         <run_address>0x12f17</run_address>
         <size>0x5f4</size>
         <input_file_ref idref="fl-cd"/>
      </object_component>
      <object_component id="oc-247">
         <name>.debug_info</name>
         <load_address>0x1350b</load_address>
         <run_address>0x1350b</run_address>
         <size>0x86</size>
         <input_file_ref idref="fl-cd"/>
      </object_component>
      <object_component id="oc-2d9">
         <name>.debug_info</name>
         <load_address>0x13591</load_address>
         <run_address>0x13591</run_address>
         <size>0x39</size>
         <input_file_ref idref="fl-cd"/>
      </object_component>
      <object_component id="oc-31a">
         <name>.debug_info</name>
         <load_address>0x135ca</load_address>
         <run_address>0x135ca</run_address>
         <size>0xb6</size>
         <input_file_ref idref="fl-cd"/>
      </object_component>
      <object_component id="oc-2de">
         <name>.debug_info</name>
         <load_address>0x13680</load_address>
         <run_address>0x13680</run_address>
         <size>0x46</size>
         <input_file_ref idref="fl-cd"/>
      </object_component>
      <object_component id="oc-24c">
         <name>.debug_info</name>
         <load_address>0x136c6</load_address>
         <run_address>0x136c6</run_address>
         <size>0x46</size>
         <input_file_ref idref="fl-cd"/>
      </object_component>
      <object_component id="oc-294">
         <name>.debug_info</name>
         <load_address>0x1370c</load_address>
         <run_address>0x1370c</run_address>
         <size>0x14c</size>
         <input_file_ref idref="fl-ce"/>
      </object_component>
      <object_component id="oc-218">
         <name>.debug_info</name>
         <load_address>0x13858</load_address>
         <run_address>0x13858</run_address>
         <size>0x128</size>
         <input_file_ref idref="fl-cf"/>
      </object_component>
      <object_component id="oc-27d">
         <name>.debug_info</name>
         <load_address>0x13980</load_address>
         <run_address>0x13980</run_address>
         <size>0x12a</size>
         <input_file_ref idref="fl-cf"/>
      </object_component>
      <object_component id="oc-278">
         <name>.debug_info</name>
         <load_address>0x13aaa</load_address>
         <run_address>0x13aaa</run_address>
         <size>0x13a</size>
         <input_file_ref idref="fl-d0"/>
      </object_component>
      <object_component id="oc-273">
         <name>.debug_info</name>
         <load_address>0x13be4</load_address>
         <run_address>0x13be4</run_address>
         <size>0x13a</size>
         <input_file_ref idref="fl-d1"/>
      </object_component>
      <object_component id="oc-282">
         <name>.debug_info</name>
         <load_address>0x13d1e</load_address>
         <run_address>0x13d1e</run_address>
         <size>0x12e</size>
         <input_file_ref idref="fl-d2"/>
      </object_component>
      <object_component id="oc-28e">
         <name>.debug_info</name>
         <load_address>0x13e4c</load_address>
         <run_address>0x13e4c</run_address>
         <size>0x12c</size>
         <input_file_ref idref="fl-d3"/>
      </object_component>
      <object_component id="oc-8e">
         <name>.debug_info</name>
         <load_address>0x13f78</load_address>
         <run_address>0x13f78</run_address>
         <size>0x147</size>
         <input_file_ref idref="fl-d4"/>
      </object_component>
      <object_component id="oc-26c">
         <name>.debug_info</name>
         <load_address>0x140bf</load_address>
         <run_address>0x140bf</run_address>
         <size>0x134</size>
         <input_file_ref idref="fl-d5"/>
      </object_component>
      <object_component id="oc-1a8">
         <name>.debug_info</name>
         <load_address>0x141f3</load_address>
         <run_address>0x141f3</run_address>
         <size>0x4b3</size>
         <input_file_ref idref="fl-d6"/>
      </object_component>
      <object_component id="oc-116">
         <name>.debug_info</name>
         <load_address>0x146a6</load_address>
         <run_address>0x146a6</run_address>
         <size>0x1a6</size>
         <input_file_ref idref="fl-d6"/>
      </object_component>
      <object_component id="oc-1f3">
         <name>.debug_info</name>
         <load_address>0x1484c</load_address>
         <run_address>0x1484c</run_address>
         <size>0x39</size>
         <input_file_ref idref="fl-d6"/>
      </object_component>
      <object_component id="oc-258">
         <name>.debug_info</name>
         <load_address>0x14885</load_address>
         <run_address>0x14885</run_address>
         <size>0x39</size>
         <input_file_ref idref="fl-d6"/>
      </object_component>
      <object_component id="oc-1f8">
         <name>.debug_info</name>
         <load_address>0x148be</load_address>
         <run_address>0x148be</run_address>
         <size>0x39</size>
         <input_file_ref idref="fl-d6"/>
      </object_component>
      <object_component id="oc-1fd">
         <name>.debug_info</name>
         <load_address>0x148f7</load_address>
         <run_address>0x148f7</run_address>
         <size>0xcd</size>
         <input_file_ref idref="fl-d6"/>
      </object_component>
      <object_component id="oc-97">
         <name>.debug_info</name>
         <load_address>0x149c4</load_address>
         <run_address>0x149c4</run_address>
         <size>0x153</size>
         <input_file_ref idref="fl-d7"/>
      </object_component>
      <object_component id="oc-10c">
         <name>.debug_info</name>
         <load_address>0x14b17</load_address>
         <run_address>0x14b17</run_address>
         <size>0x122</size>
         <input_file_ref idref="fl-d9"/>
      </object_component>
      <object_component id="oc-2f5">
         <name>.debug_info</name>
         <load_address>0x14c39</load_address>
         <run_address>0x14c39</run_address>
         <size>0x29c</size>
         <input_file_ref idref="fl-db"/>
      </object_component>
      <object_component id="oc-28a">
         <name>.debug_info</name>
         <load_address>0x14ed5</load_address>
         <run_address>0x14ed5</run_address>
         <size>0x1da</size>
         <input_file_ref idref="fl-db"/>
      </object_component>
      <object_component id="oc-26a">
         <name>.debug_info</name>
         <load_address>0x150af</load_address>
         <run_address>0x150af</run_address>
         <size>0x2b9</size>
         <input_file_ref idref="fl-dd"/>
      </object_component>
      <object_component id="oc-20d">
         <name>.debug_info</name>
         <load_address>0x15368</load_address>
         <run_address>0x15368</run_address>
         <size>0x17c</size>
         <input_file_ref idref="fl-dd"/>
      </object_component>
      <object_component id="oc-2e7">
         <name>.debug_info</name>
         <load_address>0x154e4</load_address>
         <run_address>0x154e4</run_address>
         <size>0xf9</size>
         <input_file_ref idref="fl-de"/>
      </object_component>
      <object_component id="oc-267">
         <name>.debug_info</name>
         <load_address>0x155dd</load_address>
         <run_address>0x155dd</run_address>
         <size>0x105</size>
         <input_file_ref idref="fl-de"/>
      </object_component>
      <object_component id="oc-2c5">
         <name>.debug_info</name>
         <load_address>0x156e2</load_address>
         <run_address>0x156e2</run_address>
         <size>0x2a7</size>
         <input_file_ref idref="fl-df"/>
      </object_component>
      <object_component id="oc-235">
         <name>.debug_info</name>
         <load_address>0x15989</load_address>
         <run_address>0x15989</run_address>
         <size>0x1b8</size>
         <input_file_ref idref="fl-df"/>
      </object_component>
      <object_component id="oc-30c">
         <name>.debug_info</name>
         <load_address>0x15b41</load_address>
         <run_address>0x15b41</run_address>
         <size>0x29a</size>
         <input_file_ref idref="fl-e0"/>
      </object_component>
      <object_component id="oc-2bf">
         <name>.debug_info</name>
         <load_address>0x15ddb</load_address>
         <run_address>0x15ddb</run_address>
         <size>0x262</size>
         <input_file_ref idref="fl-e0"/>
      </object_component>
      <object_component id="oc-265">
         <name>.debug_info</name>
         <load_address>0x1603d</load_address>
         <run_address>0x1603d</run_address>
         <size>0x28f</size>
         <input_file_ref idref="fl-e1"/>
      </object_component>
      <object_component id="oc-205">
         <name>.debug_info</name>
         <load_address>0x162cc</load_address>
         <run_address>0x162cc</run_address>
         <size>0x245</size>
         <input_file_ref idref="fl-e1"/>
      </object_component>
      <object_component id="oc-2d1">
         <name>.debug_info</name>
         <load_address>0x16511</load_address>
         <run_address>0x16511</run_address>
         <size>0x289</size>
         <input_file_ref idref="fl-e2"/>
      </object_component>
      <object_component id="oc-2ce">
         <name>.debug_info</name>
         <load_address>0x1679a</load_address>
         <run_address>0x1679a</run_address>
         <size>0x10e</size>
         <input_file_ref idref="fl-e2"/>
      </object_component>
      <object_component id="oc-241">
         <name>.debug_info</name>
         <load_address>0x168a8</load_address>
         <run_address>0x168a8</run_address>
         <size>0x14e</size>
         <input_file_ref idref="fl-e2"/>
      </object_component>
      <object_component id="oc-2fd">
         <name>.debug_info</name>
         <load_address>0x169f6</load_address>
         <run_address>0x169f6</run_address>
         <size>0x295</size>
         <input_file_ref idref="fl-e3"/>
      </object_component>
      <object_component id="oc-2b2">
         <name>.debug_info</name>
         <load_address>0x16c8b</load_address>
         <run_address>0x16c8b</run_address>
         <size>0x195</size>
         <input_file_ref idref="fl-e3"/>
      </object_component>
      <object_component id="oc-326">
         <name>.debug_info</name>
         <load_address>0x16e20</load_address>
         <run_address>0x16e20</run_address>
         <size>0x39</size>
         <input_file_ref idref="fl-e3"/>
      </object_component>
      <object_component id="oc-2fe">
         <name>.debug_info</name>
         <load_address>0x16e59</load_address>
         <run_address>0x16e59</run_address>
         <size>0x2c</size>
         <input_file_ref idref="fl-e3"/>
      </object_component>
      <object_component id="oc-30a">
         <name>.debug_info</name>
         <load_address>0x16e85</load_address>
         <run_address>0x16e85</run_address>
         <size>0x2f8</size>
         <input_file_ref idref="fl-e4"/>
      </object_component>
      <object_component id="oc-2b8">
         <name>.debug_info</name>
         <load_address>0x1717d</load_address>
         <run_address>0x1717d</run_address>
         <size>0x225</size>
         <input_file_ref idref="fl-e4"/>
      </object_component>
      <object_component id="oc-304">
         <name>.debug_info</name>
         <load_address>0x173a2</load_address>
         <run_address>0x173a2</run_address>
         <size>0x161</size>
         <input_file_ref idref="fl-e5"/>
      </object_component>
      <object_component id="oc-2cc">
         <name>.debug_info</name>
         <load_address>0x17503</load_address>
         <run_address>0x17503</run_address>
         <size>0x28f</size>
         <input_file_ref idref="fl-e6"/>
      </object_component>
      <object_component id="oc-23c">
         <name>.debug_info</name>
         <load_address>0x17792</load_address>
         <run_address>0x17792</run_address>
         <size>0x15a</size>
         <input_file_ref idref="fl-e6"/>
      </object_component>
      <object_component id="oc-30f">
         <name>.debug_info</name>
         <load_address>0x178ec</load_address>
         <run_address>0x178ec</run_address>
         <size>0x46</size>
         <input_file_ref idref="fl-e6"/>
      </object_component>
      <object_component id="oc-2c7">
         <name>.debug_info</name>
         <load_address>0x17932</load_address>
         <run_address>0x17932</run_address>
         <size>0x39</size>
         <input_file_ref idref="fl-e6"/>
      </object_component>
      <object_component id="oc-2eb">
         <name>.debug_info</name>
         <load_address>0x1796b</load_address>
         <run_address>0x1796b</run_address>
         <size>0x115</size>
         <input_file_ref idref="fl-e7"/>
      </object_component>
      <object_component id="oc-365">
         <name>.debug_info</name>
         <load_address>0x17a80</load_address>
         <run_address>0x17a80</run_address>
         <size>0xab</size>
      </object_component>
      <object_component id="oc-167">
         <name>.debug_line</name>
         <load_address>0x0</load_address>
         <run_address>0x0</run_address>
         <size>0xe7</size>
         <input_file_ref idref="fl-2"/>
      </object_component>
      <object_component id="oc-9a">
         <name>.debug_line</name>
         <load_address>0xe7</load_address>
         <run_address>0xe7</run_address>
         <size>0xa3</size>
         <input_file_ref idref="fl-2"/>
      </object_component>
      <object_component id="oc-164">
         <name>.debug_line</name>
         <load_address>0x18a</load_address>
         <run_address>0x18a</run_address>
         <size>0x61</size>
         <input_file_ref idref="fl-2"/>
      </object_component>
      <object_component id="oc-d2">
         <name>.debug_line</name>
         <load_address>0x1eb</load_address>
         <run_address>0x1eb</run_address>
         <size>0x78</size>
         <input_file_ref idref="fl-2"/>
      </object_component>
      <object_component id="oc-16b">
         <name>.debug_line</name>
         <load_address>0x263</load_address>
         <run_address>0x263</run_address>
         <size>0x64</size>
         <input_file_ref idref="fl-2"/>
      </object_component>
      <object_component id="oc-15f">
         <name>.debug_line</name>
         <load_address>0x2c7</load_address>
         <run_address>0x2c7</run_address>
         <size>0x20</size>
         <input_file_ref idref="fl-2"/>
      </object_component>
      <object_component id="oc-17b">
         <name>.debug_line</name>
         <load_address>0x2e7</load_address>
         <run_address>0x2e7</run_address>
         <size>0x7c</size>
         <input_file_ref idref="fl-2"/>
      </object_component>
      <object_component id="oc-14e">
         <name>.debug_line</name>
         <load_address>0x363</load_address>
         <run_address>0x363</run_address>
         <size>0x79</size>
         <input_file_ref idref="fl-2"/>
      </object_component>
      <object_component id="oc-1e1">
         <name>.debug_line</name>
         <load_address>0x3dc</load_address>
         <run_address>0x3dc</run_address>
         <size>0x74</size>
         <input_file_ref idref="fl-2"/>
      </object_component>
      <object_component id="oc-170">
         <name>.debug_line</name>
         <load_address>0x450</load_address>
         <run_address>0x450</run_address>
         <size>0x7d</size>
         <input_file_ref idref="fl-2"/>
      </object_component>
      <object_component id="oc-ce">
         <name>.debug_line</name>
         <load_address>0x4cd</load_address>
         <run_address>0x4cd</run_address>
         <size>0x40</size>
         <input_file_ref idref="fl-3"/>
      </object_component>
      <object_component id="oc-74">
         <name>.debug_line</name>
         <load_address>0x50d</load_address>
         <run_address>0x50d</run_address>
         <size>0x40</size>
         <input_file_ref idref="fl-3"/>
      </object_component>
      <object_component id="oc-6c">
         <name>.debug_line</name>
         <load_address>0x54d</load_address>
         <run_address>0x54d</run_address>
         <size>0x71</size>
         <input_file_ref idref="fl-3"/>
      </object_component>
      <object_component id="oc-35">
         <name>.debug_line</name>
         <load_address>0x5be</load_address>
         <run_address>0x5be</run_address>
         <size>0x20</size>
         <input_file_ref idref="fl-3"/>
      </object_component>
      <object_component id="oc-1be">
         <name>.debug_line</name>
         <load_address>0x5de</load_address>
         <run_address>0x5de</run_address>
         <size>0x3b</size>
         <input_file_ref idref="fl-4"/>
      </object_component>
      <object_component id="oc-ac">
         <name>.debug_line</name>
         <load_address>0x619</load_address>
         <run_address>0x619</run_address>
         <size>0x134</size>
         <input_file_ref idref="fl-4"/>
      </object_component>
      <object_component id="oc-1c4">
         <name>.debug_line</name>
         <load_address>0x74d</load_address>
         <run_address>0x74d</run_address>
         <size>0x20</size>
         <input_file_ref idref="fl-5"/>
      </object_component>
      <object_component id="oc-1c0">
         <name>.debug_line</name>
         <load_address>0x76d</load_address>
         <run_address>0x76d</run_address>
         <size>0x38</size>
         <input_file_ref idref="fl-5"/>
      </object_component>
      <object_component id="oc-1c2">
         <name>.debug_line</name>
         <load_address>0x7a5</load_address>
         <run_address>0x7a5</run_address>
         <size>0x38</size>
         <input_file_ref idref="fl-5"/>
      </object_component>
      <object_component id="oc-b7">
         <name>.debug_line</name>
         <load_address>0x7dd</load_address>
         <run_address>0x7dd</run_address>
         <size>0x2f9</size>
         <input_file_ref idref="fl-5"/>
      </object_component>
      <object_component id="oc-1c8">
         <name>.debug_line</name>
         <load_address>0xad6</load_address>
         <run_address>0xad6</run_address>
         <size>0x61</size>
         <input_file_ref idref="fl-5"/>
      </object_component>
      <object_component id="oc-b9">
         <name>.debug_line</name>
         <load_address>0xb37</load_address>
         <run_address>0xb37</run_address>
         <size>0x161</size>
         <input_file_ref idref="fl-6"/>
      </object_component>
      <object_component id="oc-173">
         <name>.debug_line</name>
         <load_address>0xc98</load_address>
         <run_address>0xc98</run_address>
         <size>0x3e</size>
         <input_file_ref idref="fl-7"/>
      </object_component>
      <object_component id="oc-101">
         <name>.debug_line</name>
         <load_address>0xcd6</load_address>
         <run_address>0xcd6</run_address>
         <size>0x6c</size>
         <input_file_ref idref="fl-7"/>
      </object_component>
      <object_component id="oc-175">
         <name>.debug_line</name>
         <load_address>0xd42</load_address>
         <run_address>0xd42</run_address>
         <size>0xa4</size>
         <input_file_ref idref="fl-8"/>
      </object_component>
      <object_component id="oc-71">
         <name>.debug_line</name>
         <load_address>0xde6</load_address>
         <run_address>0xde6</run_address>
         <size>0xa2</size>
         <input_file_ref idref="fl-8"/>
      </object_component>
      <object_component id="oc-ef">
         <name>.debug_line</name>
         <load_address>0xe88</load_address>
         <run_address>0xe88</run_address>
         <size>0xaf</size>
         <input_file_ref idref="fl-9"/>
      </object_component>
      <object_component id="oc-f5">
         <name>.debug_line</name>
         <load_address>0xf37</load_address>
         <run_address>0xf37</run_address>
         <size>0x50</size>
         <input_file_ref idref="fl-a"/>
      </object_component>
      <object_component id="oc-f7">
         <name>.debug_line</name>
         <load_address>0xf87</load_address>
         <run_address>0xf87</run_address>
         <size>0x98</size>
         <input_file_ref idref="fl-b"/>
      </object_component>
      <object_component id="oc-177">
         <name>.debug_line</name>
         <load_address>0x101f</load_address>
         <run_address>0x101f</run_address>
         <size>0x10c</size>
         <input_file_ref idref="fl-c"/>
      </object_component>
      <object_component id="oc-104">
         <name>.debug_line</name>
         <load_address>0x112b</load_address>
         <run_address>0x112b</run_address>
         <size>0x4ad</size>
         <input_file_ref idref="fl-c"/>
      </object_component>
      <object_component id="oc-e5">
         <name>.debug_line</name>
         <load_address>0x15d8</load_address>
         <run_address>0x15d8</run_address>
         <size>0x15d</size>
         <input_file_ref idref="fl-d"/>
      </object_component>
      <object_component id="oc-254">
         <name>.debug_line</name>
         <load_address>0x1735</load_address>
         <run_address>0x1735</run_address>
         <size>0x2d</size>
         <input_file_ref idref="fl-c7"/>
      </object_component>
      <object_component id="oc-197">
         <name>.debug_line</name>
         <load_address>0x1762</load_address>
         <run_address>0x1762</run_address>
         <size>0x4b</size>
         <input_file_ref idref="fl-c7"/>
      </object_component>
      <object_component id="oc-1d5">
         <name>.debug_line</name>
         <load_address>0x17ad</load_address>
         <run_address>0x17ad</run_address>
         <size>0x4b</size>
         <input_file_ref idref="fl-c7"/>
      </object_component>
      <object_component id="oc-1d9">
         <name>.debug_line</name>
         <load_address>0x17f8</load_address>
         <run_address>0x17f8</run_address>
         <size>0x3f</size>
         <input_file_ref idref="fl-c7"/>
      </object_component>
      <object_component id="oc-2d7">
         <name>.debug_line</name>
         <load_address>0x1837</load_address>
         <run_address>0x1837</run_address>
         <size>0x91</size>
         <input_file_ref idref="fl-c7"/>
      </object_component>
      <object_component id="oc-3b">
         <name>.debug_line</name>
         <load_address>0x18c8</load_address>
         <run_address>0x18c8</run_address>
         <size>0x88</size>
         <input_file_ref idref="fl-c8"/>
      </object_component>
      <object_component id="oc-e1">
         <name>.debug_line</name>
         <load_address>0x1950</load_address>
         <run_address>0x1950</run_address>
         <size>0x92</size>
         <input_file_ref idref="fl-c9"/>
      </object_component>
      <object_component id="oc-47">
         <name>.debug_line</name>
         <load_address>0x19e2</load_address>
         <run_address>0x19e2</run_address>
         <size>0x56</size>
         <input_file_ref idref="fl-c9"/>
      </object_component>
      <object_component id="oc-8a">
         <name>.debug_line</name>
         <load_address>0x1a38</load_address>
         <run_address>0x1a38</run_address>
         <size>0x34</size>
         <input_file_ref idref="fl-c9"/>
      </object_component>
      <object_component id="oc-de">
         <name>.debug_line</name>
         <load_address>0x1a6c</load_address>
         <run_address>0x1a6c</run_address>
         <size>0x92</size>
         <input_file_ref idref="fl-c9"/>
      </object_component>
      <object_component id="oc-85">
         <name>.debug_line</name>
         <load_address>0x1afe</load_address>
         <run_address>0x1afe</run_address>
         <size>0x20</size>
         <input_file_ref idref="fl-ca"/>
      </object_component>
      <object_component id="oc-1f">
         <name>.debug_line</name>
         <load_address>0x1b1e</load_address>
         <run_address>0x1b1e</run_address>
         <size>0x55</size>
         <input_file_ref idref="fl-ca"/>
      </object_component>
      <object_component id="oc-40">
         <name>.debug_line</name>
         <load_address>0x1b73</load_address>
         <run_address>0x1b73</run_address>
         <size>0x3a</size>
         <input_file_ref idref="fl-ca"/>
      </object_component>
      <object_component id="oc-82">
         <name>.debug_line</name>
         <load_address>0x1bad</load_address>
         <run_address>0x1bad</run_address>
         <size>0x92</size>
         <input_file_ref idref="fl-ca"/>
      </object_component>
      <object_component id="oc-da">
         <name>.debug_line</name>
         <load_address>0x1c3f</load_address>
         <run_address>0x1c3f</run_address>
         <size>0x20</size>
         <input_file_ref idref="fl-cb"/>
      </object_component>
      <object_component id="oc-18">
         <name>.debug_line</name>
         <load_address>0x1c5f</load_address>
         <run_address>0x1c5f</run_address>
         <size>0xa9</size>
         <input_file_ref idref="fl-cb"/>
      </object_component>
      <object_component id="oc-30">
         <name>.debug_line</name>
         <load_address>0x1d08</load_address>
         <run_address>0x1d08</run_address>
         <size>0x3a</size>
         <input_file_ref idref="fl-cb"/>
      </object_component>
      <object_component id="oc-d7">
         <name>.debug_line</name>
         <load_address>0x1d42</load_address>
         <run_address>0x1d42</run_address>
         <size>0x9a</size>
         <input_file_ref idref="fl-cb"/>
      </object_component>
      <object_component id="oc-7b">
         <name>.debug_line</name>
         <load_address>0x1ddc</load_address>
         <run_address>0x1ddc</run_address>
         <size>0x96</size>
         <input_file_ref idref="fl-cb"/>
      </object_component>
      <object_component id="oc-77">
         <name>.debug_line</name>
         <load_address>0x1e72</load_address>
         <run_address>0x1e72</run_address>
         <size>0x33</size>
         <input_file_ref idref="fl-cc"/>
      </object_component>
      <object_component id="oc-56">
         <name>.debug_line</name>
         <load_address>0x1ea5</load_address>
         <run_address>0x1ea5</run_address>
         <size>0x45</size>
         <input_file_ref idref="fl-cc"/>
      </object_component>
      <object_component id="oc-2d3">
         <name>.debug_line</name>
         <load_address>0x1eea</load_address>
         <run_address>0x1eea</run_address>
         <size>0x264</size>
         <input_file_ref idref="fl-cd"/>
      </object_component>
      <object_component id="oc-212">
         <name>.debug_line</name>
         <load_address>0x214e</load_address>
         <run_address>0x214e</run_address>
         <size>0x7a</size>
         <input_file_ref idref="fl-cd"/>
      </object_component>
      <object_component id="oc-298">
         <name>.debug_line</name>
         <load_address>0x21c8</load_address>
         <run_address>0x21c8</run_address>
         <size>0x51</size>
         <input_file_ref idref="fl-cd"/>
      </object_component>
      <object_component id="oc-29e">
         <name>.debug_line</name>
         <load_address>0x2219</load_address>
         <run_address>0x2219</run_address>
         <size>0x88</size>
         <input_file_ref idref="fl-cd"/>
      </object_component>
[...]
         <name>init_button0</name>
         <value>0x2c3f</value>
         <object_component_ref idref="oc-b8"/>
      </symbol>
      <symbol id="sm-189">
         <name>init_button1</name>
         <value>0x2c87</value>
         <object_component_ref idref="oc-b8"/>
      </symbol>
      <symbol id="sm-18a">
         <name>init_button_interrupts</name>
         <value>0x2d0f</value>
         <object_component_ref idref="oc-b8"/>
      </symbol>
      <symbol id="sm-18b">
         <name>read_button0</name>
         <value>0x2ccf</value>
         <object_component_ref idref="oc-b8"/>
      </symbol>
      <symbol id="sm-18c">
         <name>read_button1</name>
         <value>0x2cef</value>
         <object_component_ref idref="oc-b8"/>
      </symbol>
      <symbol id="sm-1b5">
         <name>set_vars</name>
         <value>0x31f5</value>
         <object_component_ref idref="oc-fc"/>
      </symbol>
      <symbol id="sm-1d6">
         <name>TA0_0_IRQHandler</name>
         <value>0x3643</value>
         <object_component_ref idref="oc-6d"/>
      </symbol>
      <symbol id="sm-1d7">
         <name>PORT5_IRQHandler</name>
         <value>0x368d</value>
         <object_component_ref idref="oc-6d"/>
      </symbol>
      <symbol id="sm-1d8">
         <name>TA1_0_IRQHandler</name>
         <value>0x3631</value>
         <object_component_ref idref="oc-6d"/>
      </symbol>
      <symbol id="sm-1ff">
         <name>init_keypad</name>
         <value>0x2a2d</value>
         <object_component_ref idref="oc-ea"/>
      </symbol>
      <symbol id="sm-200">
         <name>read_keypad</name>
         <value>0x2aa1</value>
         <object_component_ref idref="oc-ea"/>
      </symbol>
      <symbol id="sm-211">
         <name>init_lcd</name>
         <value>0x3ad5</value>
         <object_component_ref idref="oc-f0"/>
      </symbol>
      <symbol id="sm-226">
         <name>init_led</name>
         <value>0x33f9</value>
         <object_component_ref idref="oc-f6"/>
      </symbol>
      <symbol id="sm-227">
         <name>led_on</name>
         <value>0x3459</value>
         <object_component_ref idref="oc-f6"/>
      </symbol>
      <symbol id="sm-228">
         <name>led_off</name>
         <value>0x3485</value>
         <object_component_ref idref="oc-f6"/>
      </symbol>
      <symbol id="sm-335">
         <name>display_alarm_toggle</name>
         <value>0xcfd</value>
         <object_component_ref idref="oc-102"/>
      </symbol>
      <symbol id="sm-336">
         <name>display_set_time</name>
         <value>0xcb5</value>
         <object_component_ref idref="oc-102"/>
      </symbol>
      <symbol id="sm-337">
         <name>snooze_overlay</name>
         <value>0xa6d</value>
         <object_component_ref idref="oc-102"/>
      </symbol>
      <symbol id="sm-338">
         <name>set_time_overlay</name>
         <value>0xe5</value>
         <object_component_ref idref="oc-102"/>
      </symbol>
      <symbol id="sm-339">
         <name>play_alarm</name>
         <value>0xd65</value>
         <object_component_ref idref="oc-102"/>
      </symbol>
      <symbol id="sm-33a">
         <name>set_time_logic</name>
         <value>0x131</value>
         <object_component_ref idref="oc-102"/>
      </symbol>
      <symbol id="sm-33b">
         <name>alarm</name>
         <value>0xd21</value>
         <object_component_ref idref="oc-102"/>
      </symbol>
      <symbol id="sm-33c">
         <name>alarm_toggle</name>
         <value>0xb7d</value>
         <object_component_ref idref="oc-102"/>
      </symbol>
      <symbol id="sm-33d">
         <name>set_alarm_logic</name>
         <value>0x575</value>
         <object_component_ref idref="oc-102"/>
      </symbol>
      <symbol id="sm-33e">
         <name>tick_logic</name>
         <value>0x9a5</value>
         <object_component_ref idref="oc-102"/>
      </symbol>
      <symbol id="sm-33f">
         <name>button_press</name>
         <value>0xab1</value>
         <object_component_ref idref="oc-102"/>
      </symbol>
      <symbol id="sm-340">
         <name>set_alarm_overlay</name>
         <value>0x4c3</value>
         <object_component_ref idref="oc-102"/>
      </symbol>
      <symbol id="sm-341">
         <name>ticking_overlay</name>
         <value>0x961</value>
         <object_component_ref idref="oc-102"/>
      </symbol>
      <symbol id="sm-342">
         <name>display_time</name>
         <value>0xbd5</value>
         <object_component_ref idref="oc-102"/>
      </symbol>
      <symbol id="sm-36d">
         <name>init_SysTick</name>
         <value>0x28e3</value>
         <object_component_ref idref="oc-e4"/>
      </symbol>
      <symbol id="sm-36e">
         <name>SysTick_delay_ms</name>
         <value>0x2903</value>
         <object_component_ref idref="oc-e4"/>
      </symbol>
      <symbol id="sm-36f">
         <name>init_timer_A1</name>
         <value>0x293b</value>
         <object_component_ref idref="oc-e4"/>
      </symbol>
      <symbol id="sm-370">
         <name>init_timer_A0</name>
         <value>0x296b</value>
         <object_component_ref idref="oc-e4"/>
      </symbol>
      <symbol id="sm-371">
         <name>init_TA2_PWM</name>
         <value>0x299f</value>
         <object_component_ref idref="oc-e4"/>
      </symbol>
      <symbol id="sm-398">
         <name>sprintf</name>
         <value>0x3d01</value>
         <object_component_ref idref="oc-196"/>
      </symbol>
      <symbol id="sm-3b3">
         <name>memcpy</name>
         <value>0x36e1</value>
         <object_component_ref idref="oc-37"/>
      </symbol>
      <symbol id="sm-3b4">
         <name>__aeabi_memcpy</name>
         <value>0x36e1</value>
         <object_component_ref idref="oc-37"/>
      </symbol>
      <symbol id="sm-3b5">
         <name>__aeabi_memcpy8</name>
         <value>0x36e1</value>
         <object_component_ref idref="oc-37"/>
      </symbol>
      <symbol id="sm-3b6">
         <name>__aeabi_memcpy4</name>
         <value>0x36e1</value>
         <object_component_ref idref="oc-37"/>
      </symbol>
      <symbol id="sm-3cf">
         <name>__TI_zero_init_nomemset</name>
         <value>0x3de3</value>
         <object_component_ref idref="oc-43"/>
      </symbol>
      <symbol id="sm-3e6">
         <name>__TI_decompress_none</name>
         <value>0x3e89</value>
         <object_component_ref idref="oc-1d"/>
      </symbol>
      <symbol id="sm-409">
         <name>__TI_decompress_lzss</name>
         <value>0x3a07</value>
         <object_component_ref idref="oc-17"/>
      </symbol>
      <symbol id="sm-41c">
         <name>__stack</name>
         <value>0x2000fe00</value>
         <object_component_ref idref="oc-29"/>
      </symbol>
      <symbol id="sm-41d">
         <name>_c_int00_noargs</name>
         <value>0x3d81</value>
         <object_component_ref idref="oc-55"/>
      </symbol>
      <symbol id="sm-582">
         <name>__TI_printfi</name>
         <value>0xf99</value>
         <object_component_ref idref="oc-1ca"/>
      </symbol>
      <symbol id="sm-599">
         <name>__aeabi_dsub</name>
         <value>0x26c1</value>
         <object_component_ref idref="oc-291"/>
      </symbol>
      <symbol id="sm-59a">
         <name>__aeabi_dadd</name>
         <value>0x26cb</value>
         <object_component_ref idref="oc-291"/>
      </symbol>
      <symbol id="sm-5bc">
         <name>__aeabi_cdcmpeq</name>
         <value>0x3813</value>
         <object_component_ref idref="oc-216"/>
      </symbol>
      <symbol id="sm-5bd">
         <name>__aeabi_cdcmple</name>
         <value>0x3813</value>
         <object_component_ref idref="oc-216"/>
      </symbol>
      <symbol id="sm-5be">
         <name>__aeabi_cdrcmple</name>
         <value>0x3899</value>
         <object_component_ref idref="oc-27c"/>
      </symbol>
      <symbol id="sm-5d2">
         <name>__aeabi_ddiv</name>
         <value>0x2e89</value>
         <object_component_ref idref="oc-277"/>
      </symbol>
      <symbol id="sm-5dd">
         <name>__aeabi_dmul</name>
         <value>0x32fd</value>
         <object_component_ref idref="oc-272"/>
      </symbol>
      <symbol id="sm-5e7">
         <name>__aeabi_d2iz</name>
         <value>0x3c75</value>
         <object_component_ref idref="oc-281"/>
      </symbol>
      <symbol id="sm-5f1">
         <name>__aeabi_i2d</name>
         <value>0x3db5</value>
         <object_component_ref idref="oc-28c"/>
      </symbol>
      <symbol id="sm-600">
         <name>__aeabi_memset</name>
         <value>0x3921</value>
         <object_component_ref idref="oc-8d"/>
      </symbol>
      <symbol id="sm-601">
         <name>memset</name>
         <value>0x3927</value>
         <object_component_ref idref="oc-8d"/>
      </symbol>
      <symbol id="sm-602">
         <name>__aeabi_memset8</name>
         <value>0x3921</value>
         <object_component_ref idref="oc-8d"/>
      </symbol>
      <symbol id="sm-603">
         <name>__aeabi_memset4</name>
         <value>0x3921</value>
         <object_component_ref idref="oc-8d"/>
      </symbol>
      <symbol id="sm-604">
         <name>__aeabi_memclr8</name>
         <value>0x391f</value>
         <object_component_ref idref="oc-8d"/>
      </symbol>
      <symbol id="sm-605">
         <name>__aeabi_memclr4</name>
         <value>0x391f</value>
         <object_component_ref idref="oc-8d"/>
      </symbol>
      <symbol id="sm-606">
         <name>__aeabi_memclr</name>
         <value>0x391f</value>
         <object_component_ref idref="oc-8d"/>
      </symbol>
      <symbol id="sm-613">
         <name>__aeabi_uldivmod</name>
         <value>0x377d</value>
         <object_component_ref idref="oc-26b"/>
      </symbol>
      <symbol id="sm-63b">
         <name>__TI_auto_init_nobinit_nopinit</name>
         <value>0x3cbd</value>
         <object_component_ref idref="oc-115"/>
      </symbol>
      <symbol id="sm-645">
         <name>_system_pre_init</name>
         <value>0x3eb9</value>
         <object_component_ref idref="oc-93"/>
      </symbol>
      <symbol id="sm-651">
         <name>C$$EXIT</name>
         <value>0x3ebd</value>
         <object_component_ref idref="oc-109"/>
      </symbol>
      <symbol id="sm-652">
         <name>abort</name>
         <value>0x3ebd</value>
         <object_component_ref idref="oc-109"/>
      </symbol>
      <symbol id="sm-662">
         <name>__TI_ltoa</name>
         <value>0x3b83</value>
         <object_component_ref idref="oc-286"/>
      </symbol>
      <symbol id="sm-679">
         <name>atoi</name>
         <value>0x3c29</value>
         <object_component_ref idref="oc-20a"/>
      </symbol>
      <symbol id="sm-684">
         <name>_ctypes_</name>
         <value>0x3ec0</value>
         <object_component_ref idref="oc-266"/>
      </symbol>
      <symbol id="sm-694">
         <name>memccpy</name>
         <value>0x3dff</value>
         <object_component_ref idref="oc-233"/>
      </symbol>
      <symbol id="sm-6a4">
         <name>strchr</name>
         <value>0x3e4d</value>
         <object_component_ref idref="oc-2bd"/>
      </symbol>
      <symbol id="sm-6b2">
         <name>strlen</name>
         <value>0x3e63</value>
         <object_component_ref idref="oc-204"/>
      </symbol>
      <symbol id="sm-6c8">
         <name>__aeabi_errno_addr</name>
         <value>0x3eb1</value>
         <object_component_ref idref="oc-23f"/>
      </symbol>
      <symbol id="sm-6c9">
         <name>errno</name>
         <value>0x200000a4</value>
         <object_component_ref idref="oc-2cd"/>
      </symbol>
      <symbol id="sm-6e9">
         <name>frexpl</name>
         <value>0x3a71</value>
         <object_component_ref idref="oc-2b1"/>
      </symbol>
      <symbol id="sm-6ea">
         <name>frexp</name>
         <value>0x3a71</value>
         <object_component_ref idref="oc-2b1"/>
      </symbol>
      <symbol id="sm-707">
         <name>scalbn</name>
         <value>0x30e5</value>
         <object_component_ref idref="oc-2b7"/>
      </symbol>
      <symbol id="sm-708">
         <name>scalbnl</name>
         <value>0x30e5</value>
         <object_component_ref idref="oc-2b7"/>
      </symbol>
      <symbol id="sm-709">
         <name>ldexpl</name>
         <value>0x30e5</value>
         <object_component_ref idref="oc-2b7"/>
      </symbol>
      <symbol id="sm-70a">
         <name>ldexp</name>
         <value>0x30e5</value>
         <object_component_ref idref="oc-2b7"/>
      </symbol>
      <symbol id="sm-714">
         <name>copysign</name>
         <value>0x3e1b</value>
         <object_component_ref idref="oc-303"/>
      </symbol>
      <symbol id="sm-715">
         <name>copysignl</name>
         <value>0x3e1b</value>
         <object_component_ref idref="oc-303"/>
      </symbol>
      <symbol id="sm-72e">
         <name>wcslen</name>
         <value>0x3e77</value>
         <object_component_ref idref="oc-239"/>
      </symbol>
      <symbol id="sm-738">
         <name>__aeabi_idiv0</name>
         <value>0x19e7</value>
         <object_component_ref idref="oc-2ea"/>
      </symbol>
      <symbol id="sm-739">
         <name>__aeabi_ldiv0</name>
         <value>0x19e7</value>
         <object_component_ref idref="oc-2ea"/>
      </symbol>
      <symbol id="sm-73a">
         <name>__TI_static_base__</name>
         <value>0x0</value>
      </symbol>
      <symbol id="sm-73d">
         <name>__mpu_init</name>
         <value>0x0</value>
      </symbol>
      <symbol id="sm-73e">
         <name>_system_post_cinit</name>
         <value>0x0</value>
      </symbol>
      <symbol id="sm-73f">
         <name>NMI_Handler</name>
         <value>0x3ea3</value>
      </symbol>
      <symbol id="sm-740">
         <name>HardFault_Handler</name>
         <value>0x3ea3</value>
      </symbol>
      <symbol id="sm-741">
         <name>MemManage_Handler</name>
         <value>0x3ea3</value>
      </symbol>
      <symbol id="sm-742">
         <name>BusFault_Handler</name>
         <value>0x3ea3</value>
      </symbol>
      <symbol id="sm-743">
         <name>UsageFault_Handler</name>
         <value>0x3ea3</value>
      </symbol>
      <symbol id="sm-744">
         <name>SVC_Handler</name>
         <value>0x3ea3</value>
      </symbol>
      <symbol id="sm-745">
         <name>DebugMon_Handler</name>
         <value>0x3ea3</value>
      </symbol>
      <symbol id="sm-746">
         <name>PendSV_Handler</name>
         <value>0x3ea3</value>
      </symbol>
      <symbol id="sm-747">
         <name>SysTick_Handler</name>
         <value>0x3ea3</value>
      </symbol>
      <symbol id="sm-748">
         <name>PSS_IRQHandler</name>
         <value>0x3ea3</value>
      </symbol>
      <symbol id="sm-749">
         <name>CS_IRQHandler</name>
         <value>0x3ea3</value>
      </symbol>
      <symbol id="sm-74a">
         <name>PCM_IRQHandler</name>
         <value>0x3ea3</value>
      </symbol>
      <symbol id="sm-74b">
         <name>WDT_A_IRQHandler</name>
         <value>0x3ea3</value>
      </symbol>
      <symbol id="sm-74c">
         <name>FPU_IRQHandler</name>
         <value>0x3ea3</value>
      </symbol>
      <symbol id="sm-74d">
         <name>FLCTL_IRQHandler</name>
         <value>0x3ea3</value>
      </symbol>
      <symbol id="sm-74e">
         <name>COMP_E0_IRQHandler</name>
         <value>0x3ea3</value>
      </symbol>
      <symbol id="sm-74f">
         <name>COMP_E1_IRQHandler</name>
         <value>0x3ea3</value>
      </symbol>
      <symbol id="sm-750">
         <name>TA0_0_IRQHandler</name>
         <value>0x3643</value>
      </symbol>
      <symbol id="sm-751">
         <name>TA0_N_IRQHandler</name>
         <value>0x3ea3</value>
      </symbol>
      <symbol id="sm-752">
         <name>TA1_0_IRQHandler</name>
         <value>0x3631</value>
      </symbol>
      <symbol id="sm-753">
         <name>TA1_N_IRQHandler</name>
         <value>0x3ea3</value>
      </symbol>
      <symbol id="sm-754">
         <name>TA2_0_IRQHandler</name>
         <value>0x3ea3</value>
      </symbol>
      <symbol id="sm-755">
         <name>TA2_N_IRQHandler</name>
         <value>0x3ea3</value>
      </symbol>
      <symbol id="sm-756">
         <name>TA3_0_IRQHandler</name>
         <value>0x3ea3</value>
      </symbol>
      <symbol id="sm-757">
         <name>TA3_N_IRQHandler</name>
         <value>0x3ea3</value>
      </symbol>
      <symbol id="sm-758">
         <name>EUSCIA0_IRQHandler</name>
         <value>0x3ea3</value>
      </symbol>
      <symbol id="sm-759">
         <name>EUSCIA1_IRQHandler</name>
         <value>0x3ea3</value>
      </symbol>
      <symbol id="sm-75a">
         <name>EUSCIA2_IRQHandler</name>
         <value>0x3ea3</value>
      </symbol>
      <symbol id="sm-75b">
         <name>EUSCIA3_IRQHandler</name>
         <value>0x3ea3</value>
      </symbol>
      <symbol id="sm-75c">
         <name>EUSCIB0_IRQHandler</name>
         <value>0x3ea3</value>
      </symbol>
      <symbol id="sm-75d">
         <name>EUSCIB1_IRQHandler</name>
         <value>0x3ea3</value>
      </symbol>
      <symbol id="sm-75e">
         <name>EUSCIB2_IRQHandler</name>
         <value>0x3ea3</value>
      </symbol>
      <symbol id="sm-75f">
         <name>EUSCIB3_IRQHandler</name>
         <value>0x3ea3</value>
      </symbol>
      <symbol id="sm-760">
         <name>ADC14_IRQHandler</name>
         <value>0x3ea3</value>
      </symbol>
      <symbol id="sm-761">
         <name>T32_INT1_IRQHandler</name>
         <value>0x3ea3</value>
      </symbol>
      <symbol id="sm-762">
         <name>T32_INT2_IRQHandler</name>
         <value>0x3ea3</value>
      </symbol>
      <symbol id="sm-763">
         <name>T32_INTC_IRQHandler</name>
         <value>0x3ea3</value>
      </symbol>
      <symbol id="sm-764">
         <name>AES256_IRQHandler</name>
         <value>0x3ea3</value>
      </symbol>
      <symbol id="sm-765">
         <name>RTC_C_IRQHandler</name>
         <value>0x3ea3</value>
      </symbol>
      <symbol id="sm-766">
         <name>DMA_ERR_IRQHandler</name>
         <value>0x3ea3</value>
      </symbol>
      <symbol id="sm-767">
         <name>DMA_INT3_IRQHandler</name>
         <value>0x3ea3</value>
      </symbol>
      <symbol id="sm-768">
         <name>DMA_INT2_IRQHandler</name>
         <value>0x3ea3</value>
      </symbol>
      <symbol id="sm-769">
         <name>DMA_INT1_IRQHandler</name>
         <value>0x3ea3</value>
      </symbol>
      <symbol id="sm-76a">
         <name>DMA_INT0_IRQHandler</name>
         <value>0x3ea3</value>
      </symbol>
      <symbol id="sm-76b">
         <name>PORT1_IRQHandler</name>
         <value>0x3ea3</value>
      </symbol>
      <symbol id="sm-76c">
         <name>PORT2_IRQHandler</name>
         <value>0x3ea3</value>
      </symbol>
      <symbol id="sm-76d">
         <name>PORT3_IRQHandler</name>
         <value>0x3ea3</value>
      </symbol>
      <symbol id="sm-76e">
         <name>PORT4_IRQHandler</name>
         <value>0x3ea3</value>
      </symbol>
      <symbol id="sm-76f">
         <name>PORT5_IRQHandler</name>
         <value>0x368d</value>
      </symbol>
      <symbol id="sm-770">
         <name>PORT6_IRQHandler</name>
         <value>0x3ea3</value>
      </symbol>
   </symbol_table>
   <title>Link successful</title>
</link_info>
