******************************************************************************
                  TI ARM Linker PC v20.2.6                     
******************************************************************************
>> Linked Tue Apr 19 17:44:03 2022

OUTPUT FILE NAME:   <alarm_clock_v4.out>
ENTRY POINT SYMBOL: "_c_int00_noargs"  address: 00003ad1


MEMORY CONFIGURATION

         name            origin    length      used     unused   attr    fill
----------------------  --------  ---------  --------  --------  ----  --------
  MAIN                  00000000   00040000  00003d52  0003c2ae  R  X
  INFO                  00200000   00004000  00000000  00004000  R  X
  SRAM_CODE             01000000   00010000  000002a0  0000fd60  RW X
  SRAM_DATA             20000000   00010000  000002a0  0000fd60  RW  


SEGMENT ALLOCATION MAP

run origin  load origin   length   init length attrs members
----------  ----------- ---------- ----------- ----- -------
00000000    00000000    00003d58   00003d58    r-x
  00000000    00000000    000000e4   000000e4    r-- .intvecs
  000000e4    000000e4    00003b2c   00003b2c    r-x .text
  00003c10    00003c10    0000010a   0000010a    r-- .const
  00003d20    00003d20    00000038   00000038    r-- .cinit
20000000    20000000    000000a0   00000000    rw-
  20000000    20000000    00000094   00000000    rw- .bss
  20000094    20000094    0000000c   00000000    rw- .data
2000fe00    2000fe00    00000200   00000000    rw-
  2000fe00    2000fe00    00000200   00000000    rw- .stack


SECTION ALLOCATION MAP

 output                                  attributes/
section   page    origin      length       input sections
--------  ----  ----------  ----------   ----------------
.intvecs   0    00000000    000000e4     
                  00000000    000000e4     startup_msp432p401r_ccs.obj (.intvecs:retain)

.text      0    000000e4    00003b2c     
                  000000e4    00000bc8     states.obj (.text)
                  00000cac    00000a4e     rtsv7M4_T_le_v4SPD16_eabi.lib : _printfi.c.obj (.text:__TI_printfi)
                  000016fa    00000002                                   : div0.asm.obj (.text)
                  000016fc    00000564     hd44780.obj (.text)
                  00001c60    00000334     system_msp432p401r.obj (.text)
                  00001f94    00000270     rtsv7M4_T_le_v4SPD16_eabi.lib : _printfi.c.obj (.text:_pconv_a)
                  00002204    000001d0                                   : _printfi.c.obj (.text:_pconv_g)
                  000023d4    000001b6                                   : fd_add_t2.asm.obj (.text)
                  0000258a    00000002     --HOLE-- [fill = 0]
                  0000258c    000001b4     timers.obj (.text)
                  00002740    000001b0     keypad.obj (.text)
                  000028f0    0000017c     buttons.obj (.text)
                  00002a6c    0000013c     rtsv7M4_T_le_v4SPD16_eabi.lib : _printfi.c.obj (.text:_pconv_e)
                  00002ba8    00000136                                   : fd_div_t2.asm.obj (.text)
                  00002cde    00000002     --HOLE-- [fill = 0]
                  00002ce0    00000124                                   : _printfi.c.obj (.text:fcvt)
                  00002e04    00000114     interrupts.obj (.text)
                  00002f18    00000110     rtsv7M4_T_le_v4SPD16_eabi.lib : s_scalbn.c.obj (.text:scalbn)
                  00003028    000000fc                                   : fd_mul_t2.asm.obj (.text)
                  00003124    000000e8     global_vars.obj (.text)
                  0000320c    000000c8     led.obj (.text)
                  000032d4    000000b1     rtsv7M4_T_le_v4SPD16_eabi.lib : _printfi.c.obj (.text:_ltostr)
                  00003385    00000003     --HOLE-- [fill = 0]
                  00003388    000000a8     main.obj (.text)
                  00003430    0000009c     rtsv7M4_T_le_v4SPD16_eabi.lib : memcpy_t2.asm.obj (.text)
                  000034cc    00000096                                   : ull_div_t2.asm.obj (.text)
                  00003562    00000086                                   : fd_cmp_t2.asm.obj (.text:__aeabi_cdcmple)
                  000035e8    00000086                                   : fd_cmp_t2.asm.obj (.text:__aeabi_cdrcmple)
                  0000366e    0000007a                                   : memset_t2.asm.obj (.text)
                  000036e8    0000006e                                   : _printfi.c.obj (.text:_mcpy)
                  00003756    00000068                                   : copy_decompress_lzss.c.obj (.text:decompress:lzss:__TI_decompress_lzss)
                  000037be    00000002     --HOLE-- [fill = 0]
                  000037c0    00000064                                   : s_frexp.c.obj (.text:frexp)
                  00003824    00000058     lcd.obj (.text)
                  0000387c    00000056     rtsv7M4_T_le_v4SPD16_eabi.lib : _printfi.c.obj (.text:_pconv_f)
                  000038d2    00000054                                   : _ltoa.c.obj (.text:__TI_ltoa)
                  00003926    00000052                                   : _printfi.c.obj (.text:_ecpy)
                  00003978    0000004c                                   : atoi.c.obj (.text:atoi)
                  000039c4    00000048                                   : fd_toi_t2.asm.obj (.text)
                  00003a0c    00000044                                   : autoinit.c.obj (.text:__TI_auto_init_nobinit_nopinit:__TI_auto_init_nobinit_nopinit)
                  00003a50    00000040                                   : sprintf.c.obj (.text:sprintf)
                  00003a90    0000003e                                   : _printfi.c.obj (.text:_fcpy)
                  00003ace    00000002     --HOLE-- [fill = 0]
                  00003ad0    00000034                                   : boot_cortex_m.c.obj (.text:_c_int00_noargs:_c_int00_noargs)
                  00003b04    0000002e                                   : i_tofd_t2.asm.obj (.text)
                  00003b32    0000001c                                   : copy_zero_init.c.obj (.text:decompress:ZI:__TI_zero_init_nomemset:__TI_zero_init_nomemset)
                  00003b4e    0000001c                                   : memccpy.c.obj (.text:memccpy)
                  00003b6a    0000001a                                   : s_copysign.c.obj (.text:copysign)
                  00003b84    00000018                                   : sprintf.c.obj (.text:_outs)
                  00003b9c    00000016                                   : strchr.c.obj (.text:strchr)
                  00003bb2    00000014                                   : strlen.c.obj (.text:strlen)
                  00003bc6    00000012                                   : wcslen.c.obj (.text:wcslen)
                  00003bd8    0000000e                                   : copy_decompress_none.c.obj (.text:decompress:none:__TI_decompress_none)
                  00003be6    0000000e     startup_msp432p401r_ccs.obj (.text)
                  00003bf4    0000000a     rtsv7M4_T_le_v4SPD16_eabi.lib : sprintf.c.obj (.text:_outc)
                  00003bfe    00000002     --HOLE-- [fill = 0]
                  00003c00    00000008                                   : errno.c.obj (.text:__aeabi_errno_addr)
                  00003c08    00000004                                   : pre_init.c.obj (.text:_system_pre_init)
                  00003c0c    00000004                                   : exit.c.obj (.text:abort:abort)

.const     0    00003c10    0000010a     
                  00003c10    00000101     rtsv7M4_T_le_v4SPD16_eabi.lib : ctype.c.obj (.const:.string:_ctypes_)
                  00003d11    00000006     hd44780.obj (.const:.string:$P$T0$5)
                  00003d17    00000003     hd44780.obj (.const:.string:u8__row_start_address$4)

.cinit     0    00003d20    00000038     
                  00003d20    0000000e     (.cinit..data.load) [load image, compression = lzss]
                  00003d2e    00000002     --HOLE-- [fill = 0]
                  00003d30    0000000c     (__TI_handler_table)
                  00003d3c    00000004     --HOLE-- [fill = 0]
                  00003d40    00000008     (.cinit..bss.load) [load image, compression = zero_init]
                  00003d48    00000010     (__TI_cinit_table)

.init_array 
*          0    00000000    00000000     UNINITIALIZED

.binit     0    00000000    00000000     

.bss       0    20000000    00000094     UNINITIALIZED
                  20000000    00000040     hd44780.obj (.bss:u8__hd44780_data_buffer)
                  20000040    00000004     (.common:alarm_hr_ones)
                  20000044    00000004     (.common:alarm_hr_tens)
                  20000048    00000004     (.common:alarm_min_ones)
                  2000004c    00000004     (.common:alarm_min_tens)
                  20000050    00000004     (.common:blink)
                  20000054    00000004     (.common:current_global_state)
                  20000058    00000004     (.common:current_set_state)
                  2000005c    00000004     (.common:deciseconds)
                  20000060    00000004     (.common:hours)
                  20000064    00000004     (.common:keyval)
                  20000068    00000004     (.common:marker)
                  2000006c    00000004     (.common:minutes)
                  20000070    00000004     (.common:note)
                  20000074    00000004     (.common:seconds)
                  20000078    00000004     (.common:set_hr_ones)
                  2000007c    00000004     (.common:set_hr_tens)
                  20000080    00000004     (.common:set_min_ones)
                  20000084    00000004     (.common:set_min_tens)
                  20000088    00000004     (.common:snooze_seconds)
                  2000008c    00000004     (.common:toggle)
                  20000090    00000001     hd44780.obj (.bss)
                  20000091    00000001     (.common:alarm_set)
                  20000092    00000001     (.common:alarm_sounding)
                  20000093    00000001     (.common:snoozing)

.data      0    20000094    0000000c     UNINITIALIZED
                  20000094    00000004     hd44780.obj (.data)
                  20000098    00000004     rtsv7M4_T_le_v4SPD16_eabi.lib : errno.c.obj (.data)
                  2000009c    00000004     system_msp432p401r.obj (.data)

.stack     0    2000fe00    00000200     UNINITIALIZED
                  2000fe00    00000004     rtsv7M4_T_le_v4SPD16_eabi.lib : boot_cortex_m.c.obj (.stack)
                  2000fe04    000001fc     --HOLE--

__llvm_prf_cnts 
*          0    20000000    00000000     UNINITIALIZED

MODULE SUMMARY

       Module                        code    ro data   rw data
       ------                        ----    -------   -------
    .\
       system_msp432p401r.obj        820     0         8      
       main.obj                      168     0         166    
       startup_msp432p401r_ccs.obj   14      228       0      
    +--+-----------------------------+-------+---------+---------+
       Total:                        1002    228       174    
                                                              
    .\hd44780\
       hd44780.obj                   1380    9         138    
    +--+-----------------------------+-------+---------+---------+
       Total:                        1380    9         138    
                                                              
    .\libraries\
       states.obj                    3016    0         0      
       timers.obj                    436     0         0      
       keypad.obj                    432     0         0      
       buttons.obj                   380     0         0      
       interrupts.obj                276     0         0      
       global_vars.obj               232     0         0      
       led.obj                       200     0         0      
       lcd.obj                       88      0         0      
    +--+-----------------------------+-------+---------+---------+
       Total:                        5060    0         0      
                                                              
    D:\Programs\ti\ccs1040\ccs\tools\compiler\ti-cgt-arm_20.2.6.LTS\lib\rtsv7M4_T_le_v4SPD16_eabi.lib
       _printfi.c.obj                4851    0         0      
       fd_add_t2.asm.obj             438     0         0      
       fd_div_t2.asm.obj             310     0         0      
       s_scalbn.c.obj                272     0         0      
       fd_cmp_t2.asm.obj             268     0         0      
       ctype.c.obj                   0       257       0      
       fd_mul_t2.asm.obj             252     0         0      
       memcpy_t2.asm.obj             156     0         0      
       ull_div_t2.asm.obj            150     0         0      
       memset_t2.asm.obj             122     0         0      
       copy_decompress_lzss.c.obj    104     0         0      
       s_frexp.c.obj                 100     0         0      
       sprintf.c.obj                 98      0         0      
       _ltoa.c.obj                   84      0         0      
       atoi.c.obj                    76      0         0      
       fd_toi_t2.asm.obj             72      0         0      
       autoinit.c.obj                68      0         0      
       boot_cortex_m.c.obj           52      0         0      
       i_tofd_t2.asm.obj             46      0         0      
       copy_zero_init.c.obj          28      0         0      
       memccpy.c.obj                 28      0         0      
       s_copysign.c.obj              26      0         0      
       strchr.c.obj                  22      0         0      
       strlen.c.obj                  20      0         0      
       wcslen.c.obj                  18      0         0      
       errno.c.obj                   8       0         8      
       copy_decompress_none.c.obj    14      0         0      
       exit.c.obj                    4       0         0      
       pre_init.c.obj                4       0         0      
       div0.asm.obj                  2       0         0      
    +--+-----------------------------+-------+---------+---------+
       Total:                        7693    257       8      
                                                              
       Stack:                        0       0         1024   
       Linker Generated:             0       50        0      
    +--+-----------------------------+-------+---------+---------+
       Grand Total:                  15135   544       1344   


LINKER GENERATED COPY TABLES

__TI_cinit_table @ 00003d48 records: 2, size/record: 8, table size: 16
	.data: load addr=00003d20, load size=0000000e bytes, run addr=20000094, run size=0000000c bytes, compression=lzss
	.bss: load addr=00003d40, load size=00000008 bytes, run addr=20000000, run size=00000094 bytes, compression=zero_init


LINKER GENERATED HANDLER TABLE

__TI_handler_table @ 00003d30 records: 3, size/record: 4, table size: 12
	index: 0, handler: __TI_decompress_lzss
	index: 1, handler: __TI_decompress_none
	index: 2, handler: __TI_zero_init


GLOBAL SYMBOLS: SORTED ALPHABETICALLY BY Name 

address   name                                    
-------   ----                                    
00003bf3  ADC14_IRQHandler                        
00003bf3  AES256_IRQHandler                       
00003bf3  BusFault_Handler                        
00003c0d  C$$EXIT                                 
00003bf3  COMP_E0_IRQHandler                      
00003bf3  COMP_E1_IRQHandler                      
00003bf3  CS_IRQHandler                           
00003bf3  DMA_ERR_IRQHandler                      
00003bf3  DMA_INT0_IRQHandler                     
00003bf3  DMA_INT1_IRQHandler                     
00003bf3  DMA_INT2_IRQHandler                     
00003bf3  DMA_INT3_IRQHandler                     
00003bf3  DebugMon_Handler                        
00003bf3  Default_Handler                         
00003bf3  EUSCIA0_IRQHandler                      
00003bf3  EUSCIA1_IRQHandler                      
00003bf3  EUSCIA2_IRQHandler                      
00003bf3  EUSCIA3_IRQHandler                      
00003bf3  EUSCIB0_IRQHandler                      
00003bf3  EUSCIB1_IRQHandler                      
00003bf3  EUSCIB2_IRQHandler                      
00003bf3  EUSCIB3_IRQHandler                      
00003bf3  FLCTL_IRQHandler                        
00003bf3  FPU_IRQHandler                          
00003bf3  HardFault_Handler                       
00003bf3  MemManage_Handler                       
00003bf3  NMI_Handler                             
00003bf3  PCM_IRQHandler                          
00003bf3  PORT1_IRQHandler                        
00003bf3  PORT2_IRQHandler                        
00003bf3  PORT3_IRQHandler                        
00003bf3  PORT4_IRQHandler                        
00002e61  PORT5_IRQHandler                        
00002e61  PORT5_IRQHandler                        
00003bf3  PORT6_IRQHandler                        
00003bf3  PSS_IRQHandler                          
00003bf3  PendSV_Handler                          
00003bf3  RTC_C_IRQHandler                        
00003be7  Reset_Handler                           
00003bf3  SVC_Handler                             
00003bf3  SysTick_Handler                         
00002617  SysTick_delay_ms                        
2000009c  SystemCoreClock                         
00001c61  SystemCoreClockUpdate                   
00001ed9  SystemInit                              
00003bf3  T32_INT1_IRQHandler                     
00003bf3  T32_INT2_IRQHandler                     
00003bf3  T32_INTC_IRQHandler                     
00002e17  TA0_0_IRQHandler                        
00002e17  TA0_0_IRQHandler                        
00003bf3  TA0_N_IRQHandler                        
00002e05  TA1_0_IRQHandler                        
00002e05  TA1_0_IRQHandler                        
00003bf3  TA1_N_IRQHandler                        
00003bf3  TA2_0_IRQHandler                        
00003bf3  TA2_N_IRQHandler                        
00003bf3  TA3_0_IRQHandler                        
00003bf3  TA3_N_IRQHandler                        
00003bf3  UsageFault_Handler                      
4000480c  WDTCTL_SYM                              
00003bf3  WDT_A_IRQHandler                        
20010000  __STACK_END                             
00000200  __STACK_SIZE                            
00003d48  __TI_CINIT_Base                         
00003d58  __TI_CINIT_Limit                        
00003d30  __TI_Handler_Table_Base                 
00003d3c  __TI_Handler_Table_Limit                
00003a0d  __TI_auto_init_nobinit_nopinit          
00003757  __TI_decompress_lzss                    
00003bd9  __TI_decompress_none                    
000038d3  __TI_ltoa                               
ffffffff  __TI_pprof_out_hndl                     
00000cad  __TI_printfi                            
ffffffff  __TI_prof_data_size                     
ffffffff  __TI_prof_data_start                    
00000000  __TI_static_base__                      
00003b33  __TI_zero_init_nomemset                 
00003563  __aeabi_cdcmpeq                         
00003563  __aeabi_cdcmple                         
000035e9  __aeabi_cdrcmple                        
000039c5  __aeabi_d2iz                            
000023df  __aeabi_dadd                            
00002ba9  __aeabi_ddiv                            
00003029  __aeabi_dmul                            
000023d5  __aeabi_dsub                            
00003c01  __aeabi_errno_addr                      
00003b05  __aeabi_i2d                             
000016fb  __aeabi_idiv0                           
000016fb  __aeabi_ldiv0                           
0000366f  __aeabi_memclr                          
0000366f  __aeabi_memclr4                         
0000366f  __aeabi_memclr8                         
00003431  __aeabi_memcpy                          
00003431  __aeabi_memcpy4                         
00003431  __aeabi_memcpy8                         
00003671  __aeabi_memset                          
00003671  __aeabi_memset4                         
00003671  __aeabi_memset8                         
000034cd  __aeabi_uldivmod                        
ffffffff  __binit__                               
ffffffff  __c_args__                              
UNDEFED   __mpu_init                              
2000fe00  __stack                                 
20000000  __start___llvm_prf_cnts                 
20000000  __stop___llvm_prf_cnts                  
00003ad1  _c_int00_noargs                         
00003c10  _ctypes_                                
UNDEFED   _system_post_cinit                      
00003c09  _system_pre_init                        
00003c0d  abort                                   
00000ba5  alarm                                   
20000040  alarm_hr_ones                           
20000044  alarm_hr_tens                           
20000048  alarm_min_ones                          
2000004c  alarm_min_tens                          
20000091  alarm_set                               
20000092  alarm_sounding                          
00002ed5  alarm_toggle                            
00003979  atoi                                    
ffffffff  binit                                   
20000050  blink                                   
00003b6b  copysign                                
00003b6b  copysignl                               
20000054  current_global_state                    
20000058  current_set_state                       
2000005c  deciseconds                             
00000b79  display_alarm_toggle                    
00000b35  display_set_time                        
00000a4d  display_time                            
20000098  errno                                   
000037c1  frexp                                   
000037c1  frexpl                                  
000033d5  global_state_machine                    
000019ed  hd44780_blank_out_remaining_row         
00001927  hd44780_clear_row                       
0000197b  hd44780_clear_screen                    
000019ad  hd44780_michaels_awesome_clear_screen   
00001a69  hd44780_output_adc_value_mv             
00001b19  hd44780_output_unsigned_16bit_value     
000016fd  hd44780_timer_isr                       
00001a55  hd44780_write_shared_shift_register_bits
00001879  hd44780_write_string                    
20000060  hours                                   
000025f7  init_SysTick                            
000026b3  init_TA2_PWM                            
0000295b  init_button0                            
000029a3  init_button1                            
00002a2f  init_button_interrupts                  
00002741  init_keypad                             
00003825  init_lcd                                
0000320d  init_led                                
00003395  init_system                             
0000267f  init_timer_A0                           
0000264f  init_timer_A1                           
00000000  interruptVectors                        
20000064  keyval                                  
00002f19  ldexp                                   
00002f19  ldexpl                                  
00003299  led_off                                 
0000326d  led_on                                  
00003389  main                                    
20000068  marker                                  
00003b4f  memccpy                                 
00003431  memcpy                                  
00003677  memset                                  
2000006c  minutes                                 
20000070  note                                    
00000bc1  play_alarm                              
000029eb  read_button0                            
00002a0d  read_button1                            
000027b5  read_keypad                             
00002f19  scalbn                                  
00002f19  scalbnl                                 
20000074  seconds                                 
0000053d  set_alarm_logic                         
0000049f  set_alarm_overlay                       
20000078  set_hr_ones                             
2000007c  set_hr_tens                             
20000080  set_min_ones                            
20000084  set_min_tens                            
00000125  set_time_logic                          
000000e5  set_time_overlay                        
00003125  set_vars                                
00000a0d  snooze_overlay                          
20000088  snooze_seconds                          
20000093  snoozing                                
00003a51  sprintf                                 
00003b9d  strchr                                  
00003bb3  strlen                                  
0000094d  tick_logic                              
00000917  ticking_overlay                         
2000008c  toggle                                  
00003bc7  wcslen                                  


GLOBAL SYMBOLS: SORTED BY Symbol Address 

address   name                                    
-------   ----                                    
00000000  __TI_static_base__                      
00000000  interruptVectors                        
000000e5  set_time_overlay                        
00000125  set_time_logic                          
00000200  __STACK_SIZE                            
0000049f  set_alarm_overlay                       
0000053d  set_alarm_logic                         
00000917  ticking_overlay                         
0000094d  tick_logic                              
00000a0d  snooze_overlay                          
00000a4d  display_time                            
00000b35  display_set_time                        
00000b79  display_alarm_toggle                    
00000ba5  alarm                                   
00000bc1  play_alarm                              
00000cad  __TI_printfi                            
000016fb  __aeabi_idiv0                           
000016fb  __aeabi_ldiv0                           
000016fd  hd44780_timer_isr                       
00001879  hd44780_write_string                    
00001927  hd44780_clear_row                       
0000197b  hd44780_clear_screen                    
000019ad  hd44780_michaels_awesome_clear_screen   
000019ed  hd44780_blank_out_remaining_row         
00001a55  hd44780_write_shared_shift_register_bits
00001a69  hd44780_output_adc_value_mv             
00001b19  hd44780_output_unsigned_16bit_value     
00001c61  SystemCoreClockUpdate                   
00001ed9  SystemInit                              
000023d5  __aeabi_dsub                            
000023df  __aeabi_dadd                            
000025f7  init_SysTick                            
00002617  SysTick_delay_ms                        
0000264f  init_timer_A1                           
0000267f  init_timer_A0                           
000026b3  init_TA2_PWM                            
00002741  init_keypad                             
000027b5  read_keypad                             
0000295b  init_button0                            
000029a3  init_button1                            
000029eb  read_button0                            
00002a0d  read_button1                            
00002a2f  init_button_interrupts                  
00002ba9  __aeabi_ddiv                            
00002e05  TA1_0_IRQHandler                        
00002e05  TA1_0_IRQHandler                        
00002e17  TA0_0_IRQHandler                        
00002e17  TA0_0_IRQHandler                        
00002e61  PORT5_IRQHandler                        
00002e61  PORT5_IRQHandler                        
00002ed5  alarm_toggle                            
00002f19  ldexp                                   
00002f19  ldexpl                                  
00002f19  scalbn                                  
00002f19  scalbnl                                 
00003029  __aeabi_dmul                            
00003125  set_vars                                
0000320d  init_led                                
0000326d  led_on                                  
00003299  led_off                                 
00003389  main                                    
00003395  init_system                             
000033d5  global_state_machine                    
00003431  __aeabi_memcpy                          
00003431  __aeabi_memcpy4                         
00003431  __aeabi_memcpy8                         
00003431  memcpy                                  
000034cd  __aeabi_uldivmod                        
00003563  __aeabi_cdcmpeq                         
00003563  __aeabi_cdcmple                         
000035e9  __aeabi_cdrcmple                        
0000366f  __aeabi_memclr                          
0000366f  __aeabi_memclr4                         
0000366f  __aeabi_memclr8                         
00003671  __aeabi_memset                          
00003671  __aeabi_memset4                         
00003671  __aeabi_memset8                         
00003677  memset                                  
00003757  __TI_decompress_lzss                    
000037c1  frexp                                   
000037c1  frexpl                                  
00003825  init_lcd                                
000038d3  __TI_ltoa                               
00003979  atoi                                    
000039c5  __aeabi_d2iz                            
00003a0d  __TI_auto_init_nobinit_nopinit          
00003a51  sprintf                                 
00003ad1  _c_int00_noargs                         
00003b05  __aeabi_i2d                             
00003b33  __TI_zero_init_nomemset                 
00003b4f  memccpy                                 
00003b6b  copysign                                
00003b6b  copysignl                               
00003b9d  strchr                                  
00003bb3  strlen                                  
00003bc7  wcslen                                  
00003bd9  __TI_decompress_none                    
00003be7  Reset_Handler                           
00003bf3  ADC14_IRQHandler                        
00003bf3  AES256_IRQHandler                       
00003bf3  BusFault_Handler                        
00003bf3  COMP_E0_IRQHandler                      
00003bf3  COMP_E1_IRQHandler                      
00003bf3  CS_IRQHandler                           
00003bf3  DMA_ERR_IRQHandler                      
00003bf3  DMA_INT0_IRQHandler                     
00003bf3  DMA_INT1_IRQHandler                     
00003bf3  DMA_INT2_IRQHandler                     
00003bf3  DMA_INT3_IRQHandler                     
00003bf3  DebugMon_Handler                        
00003bf3  Default_Handler                         
00003bf3  EUSCIA0_IRQHandler                      
00003bf3  EUSCIA1_IRQHandler                      
00003bf3  EUSCIA2_IRQHandler                      
00003bf3  EUSCIA3_IRQHandler                      
00003bf3  EUSCIB0_IRQHandler                      
00003bf3  EUSCIB1_IRQHandler                      
00003bf3  EUSCIB2_IRQHandler                      
00003bf3  EUSCIB3_IRQHandler                      
00003bf3  FLCTL_IRQHandler                        
00003bf3  FPU_IRQHandler                          
00003bf3  HardFault_Handler                       
00003bf3  MemManage_Handler                       
00003bf3  NMI_Handler                             
00003bf3  PCM_IRQHandler                          
00003bf3  PORT1_IRQHandler                        
00003bf3  PORT2_IRQHandler                        
00003bf3  PORT3_IRQHandler                        
00003bf3  PORT4_IRQHandler                        
00003bf3  PORT6_IRQHandler                        
00003bf3  PSS_IRQHandler                          
00003bf3  PendSV_Handler                          
00003bf3  RTC_C_IRQHandler                        
00003bf3  SVC_Handler                             
00003bf3  SysTick_Handler                         
00003bf3  T32_INT1_IRQHandler                     
00003bf3  T32_INT2_IRQHandler                     
00003bf3  T32_INTC_IRQHandler                     
00003bf3  TA0_N_IRQHandler                        
00003bf3  TA1_N_IRQHandler                        
00003bf3  TA2_0_IRQHandler                        
00003bf3  TA2_N_IRQHandler                        
00003bf3  TA3_0_IRQHandler                        
00003bf3  TA3_N_IRQHandler                        
00003bf3  UsageFault_Handler                      
00003bf3  WDT_A_IRQHandler                        
00003c01  __aeabi_errno_addr                      
00003c09  _system_pre_init                        
00003c0d  C$$EXIT                                 
00003c0d  abort                                   
00003c10  _ctypes_                                
00003d30  __TI_Handler_Table_Base                 
00003d3c  __TI_Handler_Table_Limit                
00003d48  __TI_CINIT_Base                         
00003d58  __TI_CINIT_Limit                        
20000000  __start___llvm_prf_cnts                 
20000000  __stop___llvm_prf_cnts                  
20000040  alarm_hr_ones                           
20000044  alarm_hr_tens                           
20000048  alarm_min_ones                          
2000004c  alarm_min_tens                          
20000050  blink                                   
20000054  current_global_state                    
20000058  current_set_state                       
2000005c  deciseconds                             
20000060  hours                                   
20000064  keyval                                  
20000068  marker                                  
2000006c  minutes                                 
20000070  note                                    
20000074  seconds                                 
20000078  set_hr_ones                             
2000007c  set_hr_tens                             
20000080  set_min_ones                            
20000084  set_min_tens                            
20000088  snooze_seconds                          
2000008c  toggle                                  
20000091  alarm_set                               
20000092  alarm_sounding                          
20000093  snoozing                                
20000098  errno                                   
2000009c  SystemCoreClock                         
2000fe00  __stack                                 
20010000  __STACK_END                             
4000480c  WDTCTL_SYM                              
ffffffff  __TI_pprof_out_hndl                     
ffffffff  __TI_prof_data_size                     
ffffffff  __TI_prof_data_start                    
ffffffff  __binit__                               
ffffffff  __c_args__                              
ffffffff  binit                                   
UNDEFED   __mpu_init                              
UNDEFED   _system_post_cinit                      

[193 symbols]
